Component: ARM Compiler 5.06 update 6 (build 750) Tool: armlink [4d35ed]

==============================================================================

Section Cross References

    main.o(i.displayMenu) refers to _printf_percent.o(.ARM.Collect$$_printf_percent$$00000000) for _printf_percent
    main.o(i.displayMenu) refers to _printf_s.o(.ARM.Collect$$_printf_percent$$00000014) for _printf_s
    main.o(i.displayMenu) refers to _printf_str.o(.text) for _printf_str
    main.o(i.displayMenu) refers to rt_cmsis.o(i.osMutexWait) for osMutexWait
    main.o(i.displayMenu) refers to glcd_mcb1700.o(i.GLCD_SetBackgroundColor) for GLCD_SetBackgroundColor
    main.o(i.displayMenu) refers to glcd_mcb1700.o(i.GLCD_SetForegroundColor) for GLCD_SetForegroundColor
    main.o(i.displayMenu) refers to noretval__2sprintf.o(.text) for __2sprintf
    main.o(i.displayMenu) refers to glcd_mcb1700.o(i.GLCD_DrawString) for GLCD_DrawString
    main.o(i.displayMenu) refers to rt_cmsis.o(i.osMutexRelease) for osMutexRelease
    main.o(i.displayMenu) refers to main.o(.data) for glcd_mutex
    main.o(i.displayMenu) refers to main.o(.bss) for menuItems
    main.o(i.displayMenuPartial) refers to _printf_percent.o(.ARM.Collect$$_printf_percent$$00000000) for _printf_percent
    main.o(i.displayMenuPartial) refers to _printf_s.o(.ARM.Collect$$_printf_percent$$00000014) for _printf_s
    main.o(i.displayMenuPartial) refers to _printf_str.o(.text) for _printf_str
    main.o(i.displayMenuPartial) refers to rt_cmsis.o(i.osMutexWait) for osMutexWait
    main.o(i.displayMenuPartial) refers to glcd_mcb1700.o(i.GLCD_SetBackgroundColor) for GLCD_SetBackgroundColor
    main.o(i.displayMenuPartial) refers to glcd_mcb1700.o(i.GLCD_SetForegroundColor) for GLCD_SetForegroundColor
    main.o(i.displayMenuPartial) refers to noretval__2sprintf.o(.text) for __2sprintf
    main.o(i.displayMenuPartial) refers to glcd_mcb1700.o(i.GLCD_DrawString) for GLCD_DrawString
    main.o(i.displayMenuPartial) refers to rt_cmsis.o(i.osMutexRelease) for osMutexRelease
    main.o(i.displayMenuPartial) refers to main.o(.data) for glcd_mutex
    main.o(i.displayMenuPartial) refers to main.o(.bss) for menuItems
    main.o(i.exitMenu) refers to main.o(i.showActionMessage) for showActionMessage
    main.o(i.initializeMenu) refers to main.o(.constdata) for .constdata
    main.o(i.initializeMenu) refers to main.o(.bss) for menuItems
    main.o(i.joystickControlThread) refers to main.o(i.readJoystick) for readJoystick
    main.o(i.joystickControlThread) refers to rt_cmsis.o(i.osKernelSysTick) for osKernelSysTick
    main.o(i.joystickControlThread) refers to led_mcb1700.o(i.LED_On) for LED_On
    main.o(i.joystickControlThread) refers to led_mcb1700.o(i.LED_Off) for LED_Off
    main.o(i.joystickControlThread) refers to main.o(i.displayMenuPartial) for displayMenuPartial
    main.o(i.joystickControlThread) refers to rt_cmsis.o(i.osDelay) for osDelay
    main.o(i.joystickControlThread) refers to main.o(.data) for lastActionTime
    main.o(i.joystickControlThread) refers to main.o(.bss) for menuItems
    main.o(i.main) refers to system_lpc17xx.o(i.SystemInit) for SystemInit
    main.o(i.main) refers to led_mcb1700.o(i.LED_Initialize) for LED_Initialize
    main.o(i.main) refers to glcd_mcb1700.o(i.GLCD_Initialize) for GLCD_Initialize
    main.o(i.main) refers to main.o(i.GPIO_Joystick_Init) for GPIO_Joystick_Init
    main.o(i.main) refers to glcd_mcb1700.o(i.GLCD_SetFont) for GLCD_SetFont
    main.o(i.main) refers to glcd_mcb1700.o(i.GLCD_SetBackgroundColor) for GLCD_SetBackgroundColor
    main.o(i.main) refers to glcd_mcb1700.o(i.GLCD_ClearScreen) for GLCD_ClearScreen
    main.o(i.main) refers to glcd_mcb1700.o(i.GLCD_SetForegroundColor) for GLCD_SetForegroundColor
    main.o(i.main) refers to glcd_mcb1700.o(i.GLCD_DrawString) for GLCD_DrawString
    main.o(i.main) refers to main.o(i.initializeMenu) for initializeMenu
    main.o(i.main) refers to main.o(i.displayMenu) for displayMenu
    main.o(i.main) refers to rt_cmsis.o(i.osKernelInitialize) for osKernelInitialize
    main.o(i.main) refers to rt_cmsis.o(i.osMutexCreate) for osMutexCreate
    main.o(i.main) refers to rt_cmsis.o(i.osThreadCreate) for osThreadCreate
    main.o(i.main) refers to rt_cmsis.o(i.osKernelStart) for osKernelStart
    main.o(i.main) refers to glcd_fonts.o(.constdata) for GLCD_Font_16x24
    main.o(i.main) refers to main.o(.constdata) for os_mutex_def_glcd_mutex
    main.o(i.main) refers to main.o(.data) for glcd_mutex
    main.o(i.maintenanceMode) refers to main.o(i.showActionMessage) for showActionMessage
    main.o(i.menuDisplayThread) refers to main.o(i.displayMenu) for displayMenu
    main.o(i.menuDisplayThread) refers to rt_cmsis.o(i.osDelay) for osDelay
    main.o(i.setAlarmThreshold) refers to main.o(i.showActionMessage) for showActionMessage
    main.o(i.setPumpDuration) refers to main.o(i.showActionMessage) for showActionMessage
[...]
    i.isrMessagePut                          0x000036a6   Section        0  rt_cmsis.o(i.isrMessagePut)
    i.isr_mbx_receive                        0x000036d4   Section        0  rt_mailbox.o(i.isr_mbx_receive)
    i.isr_mbx_send                           0x0000372a   Section        0  rt_mailbox.o(i.isr_mbx_send)
    i.joystickControlThread                  0x00003738   Section        0  main.o(i.joystickControlThread)
    i.main                                   0x00003840   Section        0  main.o(i.main)
    i.maintenanceMode                        0x00003904   Section        0  main.o(i.maintenanceMode)
    i.menuDisplayThread                      0x00003924   Section        0  main.o(i.menuDisplayThread)
    i.osDelay                                0x00003934   Section        0  rt_cmsis.o(i.osDelay)
    i.osKernelInitialize                     0x0000394c   Section        0  rt_cmsis.o(i.osKernelInitialize)
    i.osKernelStart                          0x00003970   Section        0  rt_cmsis.o(i.osKernelStart)
    i.osKernelSysTick                        0x000039dc   Section        0  rt_cmsis.o(i.osKernelSysTick)
    i.osMessageGet                           0x000039f4   Section        0  rt_cmsis.o(i.osMessageGet)
    i.osMutexCreate                          0x00003a0c   Section        0  rt_cmsis.o(i.osMutexCreate)
    i.osMutexRelease                         0x00003a38   Section        0  rt_cmsis.o(i.osMutexRelease)
    i.osMutexWait                            0x00003a50   Section        0  rt_cmsis.o(i.osMutexWait)
    i.osThreadCreate                         0x00003a68   Section        0  rt_cmsis.o(i.osThreadCreate)
    i.osThreadExit                           0x00003a94   Section        0  rt_cmsis.o(i.osThreadExit)
    i.osTimerCall                            0x00003aac   Section        0  rt_cmsis.o(i.osTimerCall)
    i.osTimerThread                          0x00003ab8   Section        0  rt_cmsis.o(i.osTimerThread)
    i.os_error                               0x00003ae4   Section        0  rtx_conf_cm.o(i.os_error)
    i.os_idle_demon                          0x00003b06   Section        0  rtx_conf_cm.o(i.os_idle_demon)
    i.os_tick_init                           0x00003b0c   Section        0  rt_system.o(i.os_tick_init)
    i.os_tick_irqack                         0x00003b34   Section        0  rt_system.o(i.os_tick_irqack)
    i.os_tick_ovf                            0x00003b38   Section        0  rt_system.o(i.os_tick_ovf)
    i.os_tick_val                            0x00003b48   Section        0  rt_system.o(i.os_tick_val)
    i.rd_id_man                              0x00003b5c   Section        0  glcd_mcb1700.o(i.rd_id_man)
    rd_id_man                                0x00003b5d   Thumb Code   196  glcd_mcb1700.o(i.rd_id_man)
    i.readJoystick                           0x00003c24   Section        0  main.o(i.readJoystick)
    i.rt_alloc_box                           0x00003c58   Section        0  rt_membox.o(i.rt_alloc_box)
    i.rt_alloc_mem                           0x00003c72   Section        0  rt_memory.o(i.rt_alloc_mem)
    i.rt_block                               0x00003cb0   Section        0  rt_task.o(i.rt_block)
    i.rt_chk_robin                           0x00003ce8   Section        0  rt_robin.o(i.rt_chk_robin)
    i.rt_dec_dly                             0x00003d30   Section        0  rt_list.o(i.rt_dec_dly)
    i.rt_dispatch                            0x00003da0   Section        0  rt_task.o(i.rt_dispatch)
    i.rt_dly_wait                            0x00003de4   Section        0  rt_time.o(i.rt_dly_wait)
    i.rt_evt_psh                             0x00003dec   Section        0  rt_event.o(i.rt_evt_psh)
    i.rt_free_box                            0x00003e3c   Section        0  rt_membox.o(i.rt_free_box)
    i.rt_free_mem                            0x00003e68   Section        0  rt_memory.o(i.rt_free_mem)
    i.rt_get_first                           0x00003e90   Section        0  rt_list.o(i.rt_get_first)
    i.rt_id2obj                              0x00003eb8   Section        0  rt_cmsis.o(i.rt_id2obj)
    rt_id2obj                                0x00003eb9   Thumb Code     8  rt_cmsis.o(i.rt_id2obj)
    i.rt_init_context                        0x00003ec0   Section        0  rt_task.o(i.rt_init_context)
    rt_init_context                          0x00003ec1   Thumb Code    66  rt_task.o(i.rt_init_context)
    i.rt_init_mem                            0x00003f08   Section        0  rt_memory.o(i.rt_init_mem)
    i.rt_init_robin                          0x00003f24   Section        0  rt_robin.o(i.rt_init_robin)
    i.rt_init_stack                          0x00003f3c   Section        0  hal_cm.o(i.rt_init_stack)
    i.rt_mbx_check                           0x00003fbc   Section        0  rt_mailbox.o(i.rt_mbx_check)
    i.rt_mbx_init                            0x00003fc4   Section        0  rt_mailbox.o(i.rt_mbx_init)
    i.rt_mbx_psh                             0x00003fe0   Section        0  rt_mailbox.o(i.rt_mbx_psh)
    i.rt_mbx_wait                            0x000040d0   Section        0  rt_mailbox.o(i.rt_mbx_wait)
    i.rt_ms2tick                             0x00004184   Section        0  rt_cmsis.o(i.rt_ms2tick)
    rt_ms2tick                               0x00004185   Thumb Code    58  rt_cmsis.o(i.rt_ms2tick)
    i.rt_mut_init                            0x000041c8   Section        0  rt_mutex.o(i.rt_mut_init)
    i.rt_mut_release                         0x000041d8   Section        0  rt_mutex.o(i.rt_mut_release)
    i.rt_mut_wait                            0x000042b0   Section        0  rt_mutex.o(i.rt_mut_wait)
    i.rt_pop_req                             0x00004328   Section        0  rt_system.o(i.rt_pop_req)
    i.rt_psh_req                             0x000043a4   Section        0  rt_system.o(i.rt_psh_req)
    i.rt_psq_enq                             0x000043c4   Section        0  rt_list.o(i.rt_psq_enq)
    i.rt_put_dly                             0x00004420   Section        0  rt_list.o(i.rt_put_dly)
    i.rt_put_prio                            0x00004468   Section        0  rt_list.o(i.rt_put_prio)
    i.rt_put_rdy_first                       0x000044a0   Section        0  rt_list.o(i.rt_put_rdy_first)
    i.rt_resort_prio                         0x000044b4   Section        0  rt_list.o(i.rt_resort_prio)
    i.rt_ret_val                             0x000044e8   Section        0  hal_cm.o(i.rt_ret_val)
    i.rt_ret_val2                            0x000044ee   Section        0  hal_cm.o(i.rt_ret_val2)
    i.rt_rmv_dly                             0x000044f6   Section        0  rt_list.o(i.rt_rmv_dly)
    i.rt_rmv_list                            0x00004520   Section        0  rt_list.o(i.rt_rmv_list)
    i.rt_sem_psh                             0x00004550   Section        0  rt_semaphore.o(i.rt_sem_psh)
    i.rt_stk_check                           0x00004584   Section        0  rt_system.o(i.rt_stk_check)
    i.rt_switch_req                          0x000045a8   Section        0  rt_task.o(i.rt_switch_req)
    i.rt_sys_init                            0x000045d0   Section        0  rt_task.o(i.rt_sys_init)
    i.rt_sys_start                           0x0000469c   Section        0  rt_task.o(i.rt_sys_start)
    i.rt_systick                             0x00004714   Section        0  rt_system.o(i.rt_systick)
    i.rt_tid2ptcb                            0x00004754   Section        0  rt_cmsis.o(i.rt_tid2ptcb)
    rt_tid2ptcb                              0x00004755   Thumb Code    18  rt_cmsis.o(i.rt_tid2ptcb)
    i.rt_timer_insert                        0x00004768   Section        0  rt_cmsis.o(i.rt_timer_insert)
    rt_timer_insert                          0x00004769   Thumb Code    48  rt_cmsis.o(i.rt_timer_insert)
    i.rt_tsk_create                          0x0000479c   Section        0  rt_task.o(i.rt_tsk_create)
    i.rt_tsk_delete                          0x00004824   Section        0  rt_task.o(i.rt_tsk_delete)
    i.rt_tsk_prio                            0x000049a0   Section        0  rt_task.o(i.rt_tsk_prio)
    i.rt_tsk_self                            0x00004a1c   Section        0  rt_task.o(i.rt_tsk_self)
    i.setAlarmThreshold                      0x00004a2c   Section        0  main.o(i.setAlarmThreshold)
    i.setPumpDuration                        0x00004a4c   Section        0  main.o(i.setPumpDuration)
    i.setPumpSpeed                           0x00004a6c   Section        0  main.o(i.setPumpSpeed)
    i.showActionMessage                      0x00004a88   Section        0  main.o(i.showActionMessage)
    i.spi_tran                               0x00004af0   Section        0  glcd_mcb1700.o(i.spi_tran)
    spi_tran                                 0x00004af1   Thumb Code    40  glcd_mcb1700.o(i.spi_tran)
    i.spi_tran_man                           0x00004b1c   Section        0  glcd_mcb1700.o(i.spi_tran_man)
    spi_tran_man                             0x00004b1d   Thumb Code   132  glcd_mcb1700.o(i.spi_tran_man)
    i.startPump                              0x00004ba4   Section        0  main.o(i.startPump)
    i.stopPump                               0x00004bc8   Section        0  main.o(i.stopPump)
    i.svcDelay                               0x00004bec   Section        0  rt_cmsis.o(i.svcDelay)
    i.svcKernelInitialize                    0x00004c00   Section        0  rt_cmsis.o(i.svcKernelInitialize)
    i.svcKernelStart                         0x00004c70   Section        0  rt_cmsis.o(i.svcKernelStart)
    i.svcKernelSysTick                       0x00004cb8   Section        0  rt_cmsis.o(i.svcKernelSysTick)
    i.svcMessageCreate                       0x00004cf0   Section        0  rt_cmsis.o(i.svcMessageCreate)
    i.svcMessageGet                          0x00004d14   Section        0  rt_cmsis.o(i.svcMessageGet)
    i.svcMutexCreate                         0x00004d4e   Section        0  rt_cmsis.o(i.svcMutexCreate)
    i.svcMutexRelease                        0x00004d6a   Section        0  rt_cmsis.o(i.svcMutexRelease)
    i.svcMutexWait                           0x00004d8c   Section        0  rt_cmsis.o(i.svcMutexWait)
    i.svcThreadCreate                        0x00004dc8   Section        0  rt_cmsis.o(i.svcThreadCreate)
    i.svcThreadGetId                         0x00004e34   Section        0  rt_cmsis.o(i.svcThreadGetId)
    i.svcThreadTerminate                     0x00004e50   Section        0  rt_cmsis.o(i.svcThreadTerminate)
    i.svcTimerCall                           0x00004e88   Section        0  rt_cmsis.o(i.svcTimerCall)
    i.sysTimerTick                           0x00004ea0   Section        0  rt_cmsis.o(i.sysTimerTick)
    i.viewStatus                             0x00004efc   Section        0  main.o(i.viewStatus)
    i.wr_cmd                                 0x00004f18   Section        0  glcd_mcb1700.o(i.wr_cmd)
    wr_cmd                                   0x00004f19   Thumb Code    70  glcd_mcb1700.o(i.wr_cmd)
    i.wr_dat_only                            0x00004f64   Section        0  glcd_mcb1700.o(i.wr_dat_only)
    wr_dat_only                              0x00004f65   Thumb Code    46  glcd_mcb1700.o(i.wr_dat_only)
    i.wr_dat_start                           0x00004f98   Section        0  glcd_mcb1700.o(i.wr_dat_start)
    wr_dat_start                             0x00004f99   Thumb Code    20  glcd_mcb1700.o(i.wr_dat_start)
    i.wr_dat_stop                            0x00004fb0   Section        0  glcd_mcb1700.o(i.wr_dat_stop)
    wr_dat_stop                              0x00004fb1   Thumb Code    14  glcd_mcb1700.o(i.wr_dat_stop)
    i.wr_reg                                 0x00004fc4   Section        0  glcd_mcb1700.o(i.wr_reg)
    wr_reg                                   0x00004fc5   Thumb Code   140  glcd_mcb1700.o(i.wr_reg)
    .constdata                               0x00005054   Section      100  main.o(.constdata)
    .constdata                               0x000050b8   Section     6304  glcd_fonts.o(.constdata)
    Font_6x8_h                               0x000050b8   Data         896  glcd_fonts.o(.constdata)
    Font_16x24_h                             0x00005438   Data        5376  glcd_fonts.o(.constdata)
    .constdata                               0x00006958   Section       16  led_mcb1700.o(.constdata)
    .constdata                               0x00006968   Section      104  rtx_conf_cm.o(.constdata)
    __tagsym$$used                           0x00006984   Number         0  rtx_conf_cm.o(.constdata)
    __tagsym$$used                           0x00006988   Number         0  rtx_conf_cm.o(.constdata)
    __tagsym$$used                           0x0000698c   Number         0  rtx_conf_cm.o(.constdata)
    __tagsym$$used                           0x00006990   Number         0  rtx_conf_cm.o(.constdata)
    .constdata                               0x000069d0   Section      108  spi_lpc17xx.o(.constdata)
    DriverVersion                            0x000069d0   Data           4  spi_lpc17xx.o(.constdata)
    DriverCapabilities                       0x000069d4   Data           4  spi_lpc17xx.o(.constdata)
    SPI_Resources                            0x000069d8   Data          56  spi_lpc17xx.o(.constdata)
    .constdata                               0x00006a3c   Section      124  ssp_lpc17xx.o(.constdata)
    DriverVersion                            0x00006a3c   Data           4  ssp_lpc17xx.o(.constdata)
    DriverCapabilities                       0x00006a40   Data           4  ssp_lpc17xx.o(.constdata)
    SSP1_Resources                           0x00006a44   Data          72  ssp_lpc17xx.o(.constdata)
    .conststring                             0x00006ab8   Section      102  main.o(.conststring)
    .data                                    0x10000000   Section       24  main.o(.data)
    .data                                    0x10000018   Section       17  glcd_mcb1700.o(.data)
    spi1_pins                                0x10000018   Data           8  glcd_mcb1700.o(.data)
    foreground_color                         0x10000020   Data           2  glcd_mcb1700.o(.data)
    background_color                         0x10000022   Data           2  glcd_mcb1700.o(.data)
    active_font                              0x10000024   Data           4  glcd_mcb1700.o(.data)
    Himax                                    0x10000028   Data           1  glcd_mcb1700.o(.data)
    .data                                    0x1000002c   Section       20  rtx_conf_cm.o(.data)
    nr_mutex                                 0x1000003c   Data           4  rtx_conf_cm.o(.data)
    .data                                    0x10000040   Section       12  spi_lpc17xx.o(.data)
    SPI_pin_sck                              0x10000040   Data           2  spi_lpc17xx.o(.data)
    SPI_pin_miso                             0x10000042   Data           2  spi_lpc17xx.o(.data)
    SPI_pin_mosi                             0x10000044   Data           2  spi_lpc17xx.o(.data)
    SPI_pin_ssel                             0x10000046   Data           2  spi_lpc17xx.o(.data)
    spi                                      0x10000048   Data           4  spi_lpc17xx.o(.data)
    .data                                    0x1000004c   Section       16  ssp_lpc17xx.o(.data)
    SSP1_pin_sck                             0x1000004c   Data           2  ssp_lpc17xx.o(.data)
    SSP1_pin_miso                            0x1000004e   Data           2  ssp_lpc17xx.o(.data)
    SSP1_pin_mosi                            0x10000050   Data           2  ssp_lpc17xx.o(.data)
    SSP1_pin_ssel                            0x10000052   Data           2  ssp_lpc17xx.o(.data)
    dummy_data                               0x10000054   Data           4  ssp_lpc17xx.o(.data)
    dummy_data                               0x10000058   Data           4  ssp_lpc17xx.o(.data)
    .data                                    0x1000005c   Section        8  gpdma_lpc17xx.o(.data)
    Channel_active                           0x1000005c   Data           4  gpdma_lpc17xx.o(.data)
    Init_cnt                                 0x10000060   Data           4  gpdma_lpc17xx.o(.data)
    .data                                    0x10000064   Section        4  system_lpc17xx.o(.data)
    .data                                    0x10000068   Section        8  rt_cmsis.o(.data)
    .data                                    0x10000070   Section        8  rt_task.o(.data)
    .data                                    0x10000078   Section        8  rt_system.o(.data)
    os_lock                                  0x10000078   Data           1  rt_system.o(.data)
    os_psh_flag                              0x10000079   Data           1  rt_system.o(.data)
    pend_flags                               0x1000007a   Data           1  rt_system.o(.data)
    .data                                    0x10000080   Section        4  rt_time.o(.data)
    .data                                    0x10000084   Section        8  rt_robin.o(.data)
    .data                                    0x1000008c   Section        1  hal_cm.o(.data)
    .bss                                     0x10000090   Section       80  main.o(.bss)
    .bss                                     0x100000e0   Section     5260  rtx_conf_cm.o(.bss)
    std_libspace                             0x1000136c   Data         384  rtx_conf_cm.o(.bss)
    std_libmutex                             0x100014ec   Data         128  rtx_conf_cm.o(.bss)
    .bss                                     0x1000156c   Section       40  spi_lpc17xx.o(.bss)
    SPI_Info                                 0x1000156c   Data          12  spi_lpc17xx.o(.bss)
    SPI_Xfer                                 0x10001578   Data          28  spi_lpc17xx.o(.bss)
    .bss                                     0x10001594   Section       40  ssp_lpc17xx.o(.bss)
    SSP1_Info                                0x10001594   Data          12  ssp_lpc17xx.o(.bss)
    SSP1_Xfer                                0x100015a0   Data          28  ssp_lpc17xx.o(.bss)
    .bss                                     0x100015bc   Section      160  gpdma_lpc17xx.o(.bss)
    Channel_info                             0x100015bc   Data         160  gpdma_lpc17xx.o(.bss)
    .bss                                     0x1000165c   Section       52  rt_task.o(.bss)
    .bss                                     0x10001690   Section       48  rt_list.o(.bss)
    .bss                                     0x100016c0   Section       96  libspace.o(.bss)
    HEAP                                     0x10001720   Section        0  startup_lpc17xx.o(HEAP)
    STACK                                    0x10001720   Section      512  startup_lpc17xx.o(STACK)
    Heap_Mem                                 0x10001720   Data           0  startup_lpc17xx.o(HEAP)
    Stack_Mem                                0x10001720   Data         512  startup_lpc17xx.o(STACK)
    __initial_sp                             0x10001920   Data           0  startup_lpc17xx.o(STACK)

    Global Symbols

    Symbol Name                              Value     Ov Type        Size  Object(Section)

    BuildAttributes$$THM_ISAv4$P$D$K$B$S$PE$A:L22UL41UL21$X:L11$S22US41US21$IEEE1$IW$USESV6$~STKCKD$USESV7$~SHL$OSPACE$ROPI$EBA8$UX$STANDARDLIB$REQ8$PRES8$EABIv2 0x00000000   Number         0  anon$$obj.o ABSOLUTE
    __ARM_use_no_argv                        0x00000000   Number         0  main.o ABSOLUTE
    __Vectors                                0x00000000   Data           4  startup_lpc17xx.o(RESET)
    __ARM_exceptions_init                     - Undefined Weak Reference
    __alloca_initialize                       - Undefined Weak Reference
    __arm_preinit_                            - Undefined Weak Reference
    __cpp_initialize__aeabi_                  - Undefined Weak Reference
    __cxa_finalize                            - Undefined Weak Reference
    __rt_locale                               - Undefined Weak Reference
    __sigvec_lookup                           - Undefined Weak Reference
    _atexit_init                              - Undefined Weak Reference
    _call_atexit_fns                          - Undefined Weak Reference
    _clock_init                               - Undefined Weak Reference
    _fp_trap_init                             - Undefined Weak Reference
    _fp_trap_shutdown                         - Undefined Weak Reference
    _get_lc_collate                           - Undefined Weak Reference
    _get_lc_ctype                             - Undefined Weak Reference
    _get_lc_monetary                          - Undefined Weak Reference
    _get_lc_numeric                           - Undefined Weak Reference
    _get_lc_time                              - Undefined Weak Reference
    _getenv_init                              - Undefined Weak Reference
    _handle_redirection                       - Undefined Weak Reference
    _init_alloc                               - Undefined Weak Reference
    _init_user_alloc                          - Undefined Weak Reference
    _initio                                   - Undefined Weak Reference
    _printf_mbtowc                            - Undefined Weak Reference
    _printf_post_padding                      - Undefined Weak Reference
    _printf_pre_padding                       - Undefined Weak Reference
    _rand_init                                - Undefined Weak Reference
    _signal_finish                            - Undefined Weak Reference
    _signal_init                              - Undefined Weak Reference
    _terminate_alloc                          - Undefined Weak Reference
    _terminate_user_alloc                     - Undefined Weak Reference
    _terminateio                              - Undefined Weak Reference
    __main                                   0x000000cd   Thumb Code     8  __main.o(!!!main)
    __scatterload                            0x000000d5   Thumb Code     0  __scatter.o(!!!scatter)
    __scatterload_rt2                        0x000000d5   Thumb Code    44  __scatter.o(!!!scatter)
    __scatterload_rt2_thumb_only             0x000000d5   Thumb Code     0  __scatter.o(!!!scatter)
    __scatterload_null                       0x000000e3   Thumb Code     0  __scatter.o(!!!scatter)
    __scatterload_copy                       0x00000109   Thumb Code    26  __scatter_copy.o(!!handler_copy)
    __scatterload_zeroinit                   0x00000125   Thumb Code    28  __scatter_zi.o(!!handler_zi)
    _printf_percent                          0x00000141   Thumb Code     0  _printf_percent.o(.ARM.Collect$$_printf_percent$$00000000)
    _printf_s                                0x00000141   Thumb Code     0  _printf_s.o(.ARM.Collect$$_printf_percent$$00000014)
    _printf_percent_end                      0x00000147   Thumb Code     0  _printf_percent_end.o(.ARM.Collect$$_printf_percent$$00000017)
    __rt_lib_init                            0x0000014b   Thumb Code     0  libinit.o(.ARM.Collect$$libinit$$00000000)
    __rt_lib_init_alloca_1                   0x0000014d   Thumb Code     0  libinit2.o(.ARM.Collect$$libinit$$0000002E)
    __rt_lib_init_argv_1                     0x0000014d   Thumb Code     0  libinit2.o(.ARM.Collect$$libinit$$0000002C)
    __rt_lib_init_atexit_1                   0x0000014d   Thumb Code     0  libinit2.o(.ARM.Collect$$libinit$$0000001B)
    __rt_lib_init_clock_1                    0x0000014d   Thumb Code     0  libinit2.o(.ARM.Collect$$libinit$$00000021)
    __rt_lib_init_cpp_1                      0x0000014d   Thumb Code     0  libinit2.o(.ARM.Collect$$libinit$$00000032)
    __rt_lib_init_exceptions_1               0x0000014d   Thumb Code     0  libinit2.o(.ARM.Collect$$libinit$$00000030)
    __rt_lib_init_fp_1                       0x0000014d   Thumb Code     0  libinit2.o(.ARM.Collect$$libinit$$00000002)
    __rt_lib_init_fp_trap_1                  0x0000014d   Thumb Code     0  libinit2.o(.ARM.Collect$$libinit$$0000001F)
    __rt_lib_init_getenv_1                   0x0000014d   Thumb Code     0  libinit2.o(.ARM.Collect$$libinit$$00000023)
    __rt_lib_init_heap_1                     0x0000014d   Thumb Code     0  libinit2.o(.ARM.Collect$$libinit$$0000000A)
    __rt_lib_init_lc_collate_1               0x0000014d   Thumb Code     0  libinit2.o(.ARM.Collect$$libinit$$00000011)
    __rt_lib_init_lc_ctype_1                 0x0000014d   Thumb Code     0  libinit2.o(.ARM.Collect$$libinit$$00000013)
    __rt_lib_init_lc_monetary_1              0x0000014d   Thumb Code     0  libinit2.o(.ARM.Collect$$libinit$$00000015)
    __rt_lib_init_lc_numeric_1               0x0000014d   Thumb Code     0  libinit2.o(.ARM.Collect$$libinit$$00000017)
    __rt_lib_init_lc_time_1                  0x0000014d   Thumb Code     0  libinit2.o(.ARM.Collect$$libinit$$00000019)
    __rt_lib_init_preinit_1                  0x0000014d   Thumb Code     0  libinit2.o(.ARM.Collect$$libinit$$00000004)
    __rt_lib_init_rand_1                     0x0000014d   Thumb Code     0  libinit2.o(.ARM.Collect$$libinit$$0000000E)
    __rt_lib_init_return                     0x0000014d   Thumb Code     0  libinit2.o(.ARM.Collect$$libinit$$00000033)
    __rt_lib_init_signal_1                   0x0000014d   Thumb Code     0  libinit2.o(.ARM.Collect$$libinit$$0000001D)
    __rt_lib_init_stdio_1                    0x0000014d   Thumb Code     0  libinit2.o(.ARM.Collect$$libinit$$00000025)
    __rt_lib_init_user_alloc_1               0x0000014d   Thumb Code     0  libinit2.o(.ARM.Collect$$libinit$$0000000C)
    __rt_lib_shutdown                        0x0000014f   Thumb Code     0  libshutdown.o(.ARM.Collect$$libshutdown$$00000000)
    __rt_lib_shutdown_cpp_1                  0x00000151   Thumb Code     0  libshutdown2.o(.ARM.Collect$$libshutdown$$00000002)
    __rt_lib_shutdown_fp_trap_1              0x00000151   Thumb Code     0  libshutdown2.o(.ARM.Collect$$libshutdown$$00000007)
    __rt_lib_shutdown_heap_1                 0x00000151   Thumb Code     0  libshutdown2.o(.ARM.Collect$$libshutdown$$0000000F)
    __rt_lib_shutdown_return                 0x00000151   Thumb Code     0  libshutdown2.o(.ARM.Collect$$libshutdown$$00000010)
    __rt_lib_shutdown_signal_1               0x00000151   Thumb Code     0  libshutdown2.o(.ARM.Collect$$libshutdown$$0000000A)
    __rt_lib_shutdown_stdio_1                0x00000151   Thumb Code     0  libshutdown2.o(.ARM.Collect$$libshutdown$$00000004)
    __rt_lib_shutdown_user_alloc_1           0x00000151   Thumb Code     0  libshutdown2.o(.ARM.Collect$$libshutdown$$0000000C)
    __rt_entry                               0x00000153   Thumb Code     0  __rtentry.o(.ARM.Collect$$rtentry$$00000000)
    __rt_entry_presh_1                       0x00000153   Thumb Code     0  __rtentry2.o(.ARM.Collect$$rtentry$$00000002)
    __rt_entry_sh                            0x00000153   Thumb Code     0  __rtentry4.o(.ARM.Collect$$rtentry$$00000004)
    __rt_entry_li                            0x00000159   Thumb Code     0  __rtentry2.o(.ARM.Collect$$rtentry$$0000000A)
    __rt_entry_postsh_1                      0x00000159   Thumb Code     0  __rtentry2.o(.ARM.Collect$$rtentry$$00000009)
    __rt_entry_postli_1                      0x0000015d   Thumb Code     0  __rtentry2.o(.ARM.Collect$$rtentry$$0000000B)
    __rt_entry_main                          0x00000165   Thumb Code     0  __rtentry2.o(.ARM.Collect$$rtentry$$0000000D)
    __rt_exit                                0x0000016d   Thumb Code     0  rtexit.o(.ARM.Collect$$rtexit$$00000000)
    __rt_exit_ls                             0x0000016f   Thumb Code     0  rtexit2.o(.ARM.Collect$$rtexit$$00000003)
    __rt_exit_prels_1                        0x0000016f   Thumb Code     0  rtexit2.o(.ARM.Collect$$rtexit$$00000002)
    __rt_exit_exit                           0x00000173   Thumb Code     0  rtexit2.o(.ARM.Collect$$rtexit$$00000004)
    _platform_post_lib_init                  0x00000179   Thumb Code    24  rtx_conf_cm.o(.emb_text)
    rt_set_PSP                               0x00000195   Thumb Code     6  hal_cm3.o(.emb_text)
    rt_get_PSP                               0x0000019b   Thumb Code     6  hal_cm3.o(.emb_text)
    os_set_env                               0x000001a1   Thumb Code    24  hal_cm3.o(.emb_text)
    _alloc_box                               0x000001bd   Thumb Code    28  hal_cm3.o(.emb_text)
    _free_box                                0x000001dd   Thumb Code    28  hal_cm3.o(.emb_text)
    SVC_Handler                              0x000001fd   Thumb Code   108  hal_cm3.o(.emb_text)
    PendSV_Handler                           0x00000275   Thumb Code    56  hal_cm3.o(.emb_text)
    SysTick_Handler                          0x000002b1   Thumb Code     8  hal_cm3.o(.emb_text)
    OS_Tick_Handler                          0x000002b9   Thumb Code    12  hal_cm3.o(.emb_text)
    __user_libspace                          0x000002c5   Thumb Code     8  libspace.o(.text)
    __user_perproc_libspace                  0x000002c5   Thumb Code     0  libspace.o(.text)
    __2sprintf                               0x000002cd   Thumb Code    34  noretval__2sprintf.o(.text)
    __use_two_region_memory                  0x000002f5   Thumb Code     2  heapauxi.o(.text)
    __rt_heap_escrow$2region                 0x000002f7   Thumb Code     2  heapauxi.o(.text)
    __rt_heap_expand$2region                 0x000002f9   Thumb Code     2  heapauxi.o(.text)
    __I$use$semihosting                      0x000002fb   Thumb Code     0  use_no_semi.o(.text)
    __use_no_semihosting_swi                 0x000002fb   Thumb Code     2  use_no_semi.o(.text)
    Reset_Handler                            0x00000301   Thumb Code     8  startup_lpc17xx.o(.text)
    NMI_Handler                              0x00000309   Thumb Code     2  startup_lpc17xx.o(.text)
    HardFault_Handler                        0x0000030b   Thumb Code     2  startup_lpc17xx.o(.text)
    MemManage_Handler                        0x0000030d   Thumb Code     2  startup_lpc17xx.o(.text)
    BusFault_Handler                         0x0000030f   Thumb Code     2  startup_lpc17xx.o(.text)
    UsageFault_Handler                       0x00000311   Thumb Code     2  startup_lpc17xx.o(.text)
    DebugMon_Handler                         0x00000315   Thumb Code     2  startup_lpc17xx.o(.text)
    ADC_IRQHandler                           0x0000031b   Thumb Code     0  startup_lpc17xx.o(.text)
    BOD_IRQHandler                           0x0000031b   Thumb Code     0  startup_lpc17xx.o(.text)
    CANActivity_IRQHandler                   0x0000031b   Thumb Code     0  startup_lpc17xx.o(.text)
    CAN_IRQHandler                           0x0000031b   Thumb Code     0  startup_lpc17xx.o(.text)
    EINT0_IRQHandler                         0x0000031b   Thumb Code     0  startup_lpc17xx.o(.text)
    EINT1_IRQHandler                         0x0000031b   Thumb Code     0  startup_lpc17xx.o(.text)
    EINT2_IRQHandler                         0x0000031b   Thumb Code     0  startup_lpc17xx.o(.text)
    EINT3_IRQHandler                         0x0000031b   Thumb Code     0  startup_lpc17xx.o(.text)
    ENET_IRQHandler                          0x0000031b   Thumb Code     0  startup_lpc17xx.o(.text)
    I2C0_IRQHandler                          0x0000031b   Thumb Code     0  startup_lpc17xx.o(.text)
    I2C1_IRQHandler                          0x0000031b   Thumb Code     0  startup_lpc17xx.o(.text)
    I2C2_IRQHandler                          0x0000031b   Thumb Code     0  startup_lpc17xx.o(.text)
    I2S_IRQHandler                           0x0000031b   Thumb Code     0  startup_lpc17xx.o(.text)
    MCPWM_IRQHandler                         0x0000031b   Thumb Code     0  startup_lpc17xx.o(.text)
    PLL0_IRQHandler                          0x0000031b   Thumb Code     0  startup_lpc17xx.o(.text)
    PLL1_IRQHandler                          0x0000031b   Thumb Code     0  startup_lpc17xx.o(.text)
    PWM1_IRQHandler                          0x0000031b   Thumb Code     0  startup_lpc17xx.o(.text)
    QEI_IRQHandler                           0x0000031b   Thumb Code     0  startup_lpc17xx.o(.text)
    RIT_IRQHandler                           0x0000031b   Thumb Code     0  startup_lpc17xx.o(.text)
    RTC_IRQHandler                           0x0000031b   Thumb Code     0  startup_lpc17xx.o(.text)
    SSP0_IRQHandler                          0x0000031b   Thumb Code     0  startup_lpc17xx.o(.text)
    TIMER0_IRQHandler                        0x0000031b   Thumb Code     0  startup_lpc17xx.o(.text)
    TIMER1_IRQHandler                        0x0000031b   Thumb Code     0  startup_lpc17xx.o(.text)
    TIMER2_IRQHandler                        0x0000031b   Thumb Code     0  startup_lpc17xx.o(.text)
    TIMER3_IRQHandler                        0x0000031b   Thumb Code     0  startup_lpc17xx.o(.text)
    UART0_IRQHandler                         0x0000031b   Thumb Code     0  startup_lpc17xx.o(.text)
    UART1_IRQHandler                         0x0000031b   Thumb Code     0  startup_lpc17xx.o(.text)
    UART2_IRQHandler                         0x0000031b   Thumb Code     0  startup_lpc17xx.o(.text)
    UART3_IRQHandler                         0x0000031b   Thumb Code     0  startup_lpc17xx.o(.text)
    USBActivity_IRQHandler                   0x0000031b   Thumb Code     0  startup_lpc17xx.o(.text)
    USB_IRQHandler                           0x0000031b   Thumb Code     0  startup_lpc17xx.o(.text)
    WDT_IRQHandler                           0x0000031b   Thumb Code     0  startup_lpc17xx.o(.text)
    __user_initial_stackheap                 0x0000031d   Thumb Code     0  startup_lpc17xx.o(.text)
    __printf                                 0x0000033d   Thumb Code   104  __printf.o(.text)
    _printf_str                              0x000003a5   Thumb Code    82  _printf_str.o(.text)
    exit                                     0x000003f7   Thumb Code    18  exit.o(.text)
    __aeabi_memclr4                          0x00000409   Thumb Code     0  rt_memclr_w.o(.text)
    __aeabi_memclr8                          0x00000409   Thumb Code     0  rt_memclr_w.o(.text)
    __rt_memclr_w                            0x00000409   Thumb Code    78  rt_memclr_w.o(.text)
    _memset_w                                0x0000040d   Thumb Code     0  rt_memclr_w.o(.text)
    _printf_char_common                      0x00000463   Thumb Code    32  _printf_char_common.o(.text)
    __RL_RTX_VER                             0x00000482   Number         0  rt_system.o ABSOLUTE
    _sputc                                   0x00000489   Thumb Code    10  _sputc.o(.text)
    _printf_cs_common                        0x00000493   Thumb Code    20  _printf_char.o(.text)
    _printf_char                             0x000004a7   Thumb Code    16  _printf_char.o(.text)
    _printf_string                           0x000004b7   Thumb Code     8  _printf_char.o(.text)
    _sys_exit                                0x000004c1   Thumb Code     8  sys_exit.o(.text)
    __user_setup_stackheap                   0x000004cd   Thumb Code    74  sys_stackheap_outer.o(.text)
    __semihosting_library_function           0x00000517   Thumb Code     0  indicate_semi.o(.text)
    SVC_Count                                0x00000518   Data           4  svc_table.o(SVC_TABLE)
    SVC_Table                                0x0000051c   Data           0  svc_table.o(SVC_TABLE)
    DMA_IRQHandler                           0x0000053d   Thumb Code   372  gpdma_lpc17xx.o(i.DMA_IRQHandler)
    GLCD_ClearScreen                         0x000006bd   Thumb Code    54  glcd_mcb1700.o(i.GLCD_ClearScreen)
    GLCD_DrawChar                            0x000006f9   Thumb Code   194  glcd_mcb1700.o(i.GLCD_DrawChar)
    GLCD_DrawString                          0x000007c9   Thumb Code    38  glcd_mcb1700.o(i.GLCD_DrawString)
    GLCD_Initialize                          0x000007f5   Thumb Code  1534  glcd_mcb1700.o(i.GLCD_Initialize)
    GLCD_SetBackgroundColor                  0x00000df5   Thumb Code    10  glcd_mcb1700.o(i.GLCD_SetBackgroundColor)
    GLCD_SetFont                             0x00000e05   Thumb Code    10  glcd_mcb1700.o(i.GLCD_SetFont)
    GLCD_SetForegroundColor                  0x00000e15   Thumb Code    10  glcd_mcb1700.o(i.GLCD_SetForegroundColor)
    GPDMA_ChannelConfigure                   0x00000ec5   Thumb Code   232  gpdma_lpc17xx.o(i.GPDMA_ChannelConfigure)
    GPDMA_ChannelDisable                     0x00000fb9   Thumb Code    44  gpdma_lpc17xx.o(i.GPDMA_ChannelDisable)
    GPDMA_ChannelGetCount                    0x00000fe9   Thumb Code    38  gpdma_lpc17xx.o(i.GPDMA_ChannelGetCount)
    GPDMA_Initialize                         0x00001019   Thumb Code   154  gpdma_lpc17xx.o(i.GPDMA_Initialize)
    GPDMA_PeripheralSelect                   0x000010c9   Thumb Code    62  gpdma_lpc17xx.o(i.GPDMA_PeripheralSelect)
    GPDMA_Uninitialize                       0x0000110d   Thumb Code    92  gpdma_lpc17xx.o(i.GPDMA_Uninitialize)
    GPIO_Joystick_Init                       0x00001175   Thumb Code    38  main.o(i.GPIO_Joystick_Init)
    GPIO_PinRead                             0x000011a9   Thumb Code    28  gpio_lpc17xx.o(i.GPIO_PinRead)
    GPIO_PinWrite                            0x000011c9   Thumb Code    36  gpio_lpc17xx.o(i.GPIO_PinWrite)
    GPIO_PortClock                           0x000011f1   Thumb Code    38  gpio_lpc17xx.o(i.GPIO_PortClock)
    GPIO_SetDir                              0x0000121d   Thumb Code    52  gpio_lpc17xx.o(i.GPIO_SetDir)
    LED_Initialize                           0x000012e9   Thumb Code    88  led_mcb1700.o(i.LED_Initialize)
    LED_Off                                  0x00001345   Thumb Code    40  led_mcb1700.o(i.LED_Off)
    LED_On                                   0x00001371   Thumb Code    40  led_mcb1700.o(i.LED_On)
    PIN_Configure                            0x0000139d   Thumb Code   246  pin_lpc17xx.o(i.PIN_Configure)
    SPI_IRQHandler                           0x00001af9   Thumb Code   516  spi_lpc17xx.o(i.SPI_IRQHandler)
    SSP1_GPDMA_Rx_SignalEvent                0x0000231d   Thumb Code    14  ssp_lpc17xx.o(i.SSP1_GPDMA_Rx_SignalEvent)
    SSP1_GPDMA_Tx_SignalEvent                0x00002331   Thumb Code    14  ssp_lpc17xx.o(i.SSP1_GPDMA_Tx_SignalEvent)
    SSP1_IRQHandler                          0x00002365   Thumb Code    10  ssp_lpc17xx.o(i.SSP1_IRQHandler)
    SSPx_GPDMA_Rx_SignalEvent                0x00002933   Thumb Code    54  ssp_lpc17xx.o(i.SSPx_GPDMA_Rx_SignalEvent)
    SSPx_GPDMA_Tx_SignalEvent                0x00002969   Thumb Code    28  ssp_lpc17xx.o(i.SSPx_GPDMA_Tx_SignalEvent)
    SystemInit                               0x000031d9   Thumb Code   302  system_lpc17xx.o(i.SystemInit)
    _init_box                                0x0000336d   Thumb Code    70  rt_membox.o(i._init_box)
    _mutex_acquire                           0x000033b5   Thumb Code    22  rtx_conf_cm.o(i._mutex_acquire)
    _mutex_release                           0x000033d5   Thumb Code    18  rtx_conf_cm.o(i._mutex_release)
    dbg_init                                 0x000033f1   Thumb Code    34  hal_cm.o(i.dbg_init)
    dbg_task_notify                          0x00003421   Thumb Code    32  hal_cm.o(i.dbg_task_notify)
    dbg_task_switch                          0x00003441   Thumb Code    16  hal_cm.o(i.dbg_task_switch)
    displayMenu                              0x00003481   Thumb Code   114  main.o(i.displayMenu)
    displayMenuPartial                       0x00003519   Thumb Code   120  main.o(i.displayMenuPartial)
    exitMenu                                 0x000035b1   Thumb Code    14  main.o(i.exitMenu)
    initializeMenu                           0x000035d1   Thumb Code   162  main.o(i.initializeMenu)
    isrMessageGet                            0x0000367d   Thumb Code    42  rt_cmsis.o(i.isrMessageGet)
    isrMessagePut                            0x000036a7   Thumb Code    44  rt_cmsis.o(i.isrMessagePut)
    isr_mbx_receive                          0x000036d5   Thumb Code    86  rt_mailbox.o(i.isr_mbx_receive)
    isr_mbx_send                             0x0000372b   Thumb Code    14  rt_mailbox.o(i.isr_mbx_send)
    joystickControlThread                    0x00003739   Thumb Code   248  main.o(i.joystickControlThread)
    main                                     0x00003841   Thumb Code   120  main.o(i.main)
    maintenanceMode                          0x00003905   Thumb Code    12  main.o(i.maintenanceMode)
    menuDisplayThread                        0x00003925   Thumb Code    16  main.o(i.menuDisplayThread)
    osDelay                                  0x00003935   Thumb Code    18  rt_cmsis.o(i.osDelay)
    osKernelInitialize                       0x0000394d   Thumb Code    30  rt_cmsis.o(i.osKernelInitialize)
    osKernelStart                            0x00003971   Thumb Code    98  rt_cmsis.o(i.osKernelStart)
    osKernelSysTick                          0x000039dd   Thumb Code    18  rt_cmsis.o(i.osKernelSysTick)
    osMessageGet                             0x000039f5   Thumb Code    18  rt_cmsis.o(i.osMessageGet)
    osMutexCreate                            0x00003a0d   Thumb Code    36  rt_cmsis.o(i.osMutexCreate)
    osMutexRelease                           0x00003a39   Thumb Code    18  rt_cmsis.o(i.osMutexRelease)
    osMutexWait                              0x00003a51   Thumb Code    18  rt_cmsis.o(i.osMutexWait)
    osThreadCreate                           0x00003a69   Thumb Code    36  rt_cmsis.o(i.osThreadCreate)
    osThreadExit                             0x00003a95   Thumb Code    14  rt_cmsis.o(i.osThreadExit)
    osTimerCall                              0x00003aad   Thumb Code     8  rt_cmsis.o(i.osTimerCall)
    osTimerThread                            0x00003ab9   Thumb Code    38  rt_cmsis.o(i.osTimerThread)
    os_error                                 0x00003ae5   Thumb Code    34  rtx_conf_cm.o(i.os_error)
    os_idle_demon                            0x00003b07   Thumb Code     4  rtx_conf_cm.o(i.os_idle_demon)
    os_tick_init                             0x00003b0d   Thumb Code    32  rt_system.o(i.os_tick_init)
    os_tick_irqack                           0x00003b35   Thumb Code     2  rt_system.o(i.os_tick_irqack)
    os_tick_ovf                              0x00003b39   Thumb Code    10  rt_system.o(i.os_tick_ovf)
    os_tick_val                              0x00003b49   Thumb Code    14  rt_system.o(i.os_tick_val)
    readJoystick                             0x00003c25   Thumb Code    46  main.o(i.readJoystick)
    rt_alloc_box                             0x00003c59   Thumb Code    26  rt_membox.o(i.rt_alloc_box)
    rt_alloc_mem                             0x00003c73   Thumb Code    62  rt_memory.o(i.rt_alloc_mem)
    rt_block                                 0x00003cb1   Thumb Code    48  rt_task.o(i.rt_block)
    rt_chk_robin                             0x00003ce9   Thumb Code    60  rt_robin.o(i.rt_chk_robin)
    rt_dec_dly                               0x00003d31   Thumb Code   102  rt_list.o(i.rt_dec_dly)
    rt_dispatch                              0x00003da1   Thumb Code    60  rt_task.o(i.rt_dispatch)
    rt_dly_wait                              0x00003de5   Thumb Code     6  rt_time.o(i.rt_dly_wait)
    rt_evt_psh                               0x00003ded   Thumb Code    76  rt_event.o(i.rt_evt_psh)
    rt_free_box                              0x00003e3d   Thumb Code    44  rt_membox.o(i.rt_free_box)
    rt_free_mem                              0x00003e69   Thumb Code    40  rt_memory.o(i.rt_free_mem)
    rt_get_first                             0x00003e91   Thumb Code    40  rt_list.o(i.rt_get_first)
    rt_init_mem                              0x00003f09   Thumb Code    26  rt_memory.o(i.rt_init_mem)
    rt_init_robin                            0x00003f25   Thumb Code    14  rt_robin.o(i.rt_init_robin)
    rt_init_stack                            0x00003f3d   Thumb Code   118  hal_cm.o(i.rt_init_stack)
    rt_mbx_check                             0x00003fbd   Thumb Code     8  rt_mailbox.o(i.rt_mbx_check)
    rt_mbx_init                              0x00003fc5   Thumb Code    26  rt_mailbox.o(i.rt_mbx_init)
    rt_mbx_psh                               0x00003fe1   Thumb Code   236  rt_mailbox.o(i.rt_mbx_psh)
    rt_mbx_wait                              0x000040d1   Thumb Code   174  rt_mailbox.o(i.rt_mbx_wait)
    rt_mut_init                              0x000041c9   Thumb Code    16  rt_mutex.o(i.rt_mut_init)
    rt_mut_release                           0x000041d9   Thumb Code   208  rt_mutex.o(i.rt_mut_release)
    rt_mut_wait                              0x000042b1   Thumb Code   114  rt_mutex.o(i.rt_mut_wait)
    rt_pop_req                               0x00004329   Thumb Code   112  rt_system.o(i.rt_pop_req)
    rt_psh_req                               0x000043a5   Thumb Code    22  rt_system.o(i.rt_psh_req)
    rt_psq_enq                               0x000043c5   Thumb Code    88  rt_list.o(i.rt_psq_enq)
    rt_put_dly                               0x00004421   Thumb Code    68  rt_list.o(i.rt_put_dly)
    rt_put_prio                              0x00004469   Thumb Code    54  rt_list.o(i.rt_put_prio)
    rt_put_rdy_first                         0x000044a1   Thumb Code    14  rt_list.o(i.rt_put_rdy_first)
    rt_resort_prio                           0x000044b5   Thumb Code    46  rt_list.o(i.rt_resort_prio)
    rt_ret_val                               0x000044e9   Thumb Code     6  hal_cm.o(i.rt_ret_val)
    rt_ret_val2                              0x000044ef   Thumb Code     8  hal_cm.o(i.rt_ret_val2)
    rt_rmv_dly                               0x000044f7   Thumb Code    40  rt_list.o(i.rt_rmv_dly)
    rt_rmv_list                              0x00004521   Thumb Code    44  rt_list.o(i.rt_rmv_list)
    rt_sem_psh                               0x00004551   Thumb Code    48  rt_semaphore.o(i.rt_sem_psh)
    rt_stk_check                             0x00004585   Thumb Code    28  rt_system.o(i.rt_stk_check)
    rt_switch_req                            0x000045a9   Thumb Code    30  rt_task.o(i.rt_switch_req)
    rt_sys_init                              0x000045d1   Thumb Code   138  rt_task.o(i.rt_sys_init)
    rt_sys_start                             0x0000469d   Thumb Code   110  rt_task.o(i.rt_sys_start)
    rt_systick                               0x00004715   Thumb Code    50  rt_system.o(i.rt_systick)
    rt_tsk_create                            0x0000479d   Thumb Code   118  rt_task.o(i.rt_tsk_create)
    rt_tsk_delete                            0x00004825   Thumb Code   352  rt_task.o(i.rt_tsk_delete)
    rt_tsk_prio                              0x000049a1   Thumb Code   108  rt_task.o(i.rt_tsk_prio)
    rt_tsk_self                              0x00004a1d   Thumb Code    12  rt_task.o(i.rt_tsk_self)
    setAlarmThreshold                        0x00004a2d   Thumb Code    12  main.o(i.setAlarmThreshold)
    setPumpDuration                          0x00004a4d   Thumb Code    12  main.o(i.setPumpDuration)
    setPumpSpeed                             0x00004a6d   Thumb Code    12  main.o(i.setPumpSpeed)
    showActionMessage                        0x00004a89   Thumb Code    70  main.o(i.showActionMessage)
    startPump                                0x00004ba5   Thumb Code    20  main.o(i.startPump)
    stopPump                                 0x00004bc9   Thumb Code    20  main.o(i.stopPump)
    svcDelay                                 0x00004bed   Thumb Code    18  rt_cmsis.o(i.svcDelay)
    svcKernelInitialize                      0x00004c01   Thumb Code    80  rt_cmsis.o(i.svcKernelInitialize)
    svcKernelStart                           0x00004c71   Thumb Code    62  rt_cmsis.o(i.svcKernelStart)
    svcKernelSysTick                         0x00004cb9   Thumb Code    46  rt_cmsis.o(i.svcKernelSysTick)
    svcMessageCreate                         0x00004cf1   Thumb Code    36  rt_cmsis.o(i.svcMessageCreate)
    svcMessageGet                            0x00004d15   Thumb Code    58  rt_cmsis.o(i.svcMessageGet)
    svcMutexCreate                           0x00004d4f   Thumb Code    28  rt_cmsis.o(i.svcMutexCreate)
    svcMutexRelease                          0x00004d6b   Thumb Code    34  rt_cmsis.o(i.svcMutexRelease)
    svcMutexWait                             0x00004d8d   Thumb Code    58  rt_cmsis.o(i.svcMutexWait)
    svcThreadCreate                          0x00004dc9   Thumb Code    96  rt_cmsis.o(i.svcThreadCreate)
    svcThreadGetId                           0x00004e35   Thumb Code    22  rt_cmsis.o(i.svcThreadGetId)
    svcThreadTerminate                       0x00004e51   Thumb Code    50  rt_cmsis.o(i.svcThreadTerminate)
    svcTimerCall                             0x00004e89   Thumb Code    24  rt_cmsis.o(i.svcTimerCall)
    sysTimerTick                             0x00004ea1   Thumb Code    84  rt_cmsis.o(i.sysTimerTick)
    viewStatus                               0x00004efd   Thumb Code    12  main.o(i.viewStatus)
    os_thread_def_joystickControlThread      0x00005054   Data          16  main.o(.constdata)
    os_thread_def_menuDisplayThread          0x00005064   Data          16  main.o(.constdata)
    os_mutex_def_glcd_mutex                  0x00005074   Data           4  main.o(.constdata)
    GLCD_Font_6x8                            0x00006938   Data          16  glcd_fonts.o(.constdata)
    GLCD_Font_16x24                          0x00006948   Data          16  glcd_fonts.o(.constdata)
    LED_PIN                                  0x00006958   Data          16  led_mcb1700.o(.constdata)
    os_maxtaskrun                            0x00006968   Data           2  rtx_conf_cm.o(.constdata)
    os_stackinfo                             0x0000696c   Data           4  rtx_conf_cm.o(.constdata)
    os_rrobin                                0x00006970   Data           4  rtx_conf_cm.o(.constdata)
    os_tickfreq                              0x00006974   Data           4  rtx_conf_cm.o(.constdata)
    os_tickus_i                              0x00006978   Data           2  rtx_conf_cm.o(.constdata)
    os_tickus_f                              0x0000697a   Data           2  rtx_conf_cm.o(.constdata)
    os_trv                                   0x0000697c   Data           4  rtx_conf_cm.o(.constdata)
    os_flags                                 0x00006980   Data           1  rtx_conf_cm.o(.constdata)
    CMSIS_RTOS_API_Version                   0x00006984   Data           4  rtx_conf_cm.o(.constdata)
    CMSIS_RTOS_RTX_Version                   0x00006988   Data           4  rtx_conf_cm.o(.constdata)
    os_clockrate                             0x0000698c   Data           4  rtx_conf_cm.o(.constdata)
    os_timernum                              0x00006990   Data           4  rtx_conf_cm.o(.constdata)
    mp_tcb_size                              0x00006994   Data           2  rtx_conf_cm.o(.constdata)
    mp_stk_size                              0x00006998   Data           4  rtx_conf_cm.o(.constdata)
    os_stack_sz                              0x0000699c   Data           4  rtx_conf_cm.o(.constdata)
    os_fifo_size                             0x000069a0   Data           1  rtx_conf_cm.o(.constdata)
    os_thread_def_osTimerThread              0x000069a4   Data          16  rtx_conf_cm.o(.constdata)
    os_messageQ_def_osTimerMessageQ          0x000069b4   Data           8  rtx_conf_cm.o(.constdata)
    mp_tmr_size                              0x000069bc   Data           2  rtx_conf_cm.o(.constdata)
    os_thread_def_main                       0x000069c0   Data          16  rtx_conf_cm.o(.constdata)
    Driver_SPI2                              0x00006a10   Data          44  spi_lpc17xx.o(.constdata)
    Driver_SPI1                              0x00006a8c   Data          44  ssp_lpc17xx.o(.constdata)
    Region$$Table$$Base                      0x00006b20   Number         0  anon$$obj.o(Region$$Table)
    Region$$Table$$Limit                     0x00006b40   Number         0  anon$$obj.o(Region$$Table)
    tid_joystick                             0x10000000   Data           4  main.o(.data)
    tid_screen                               0x10000004   Data           4  main.o(.data)
    glcd_mutex                               0x10000008   Data           4  main.o(.data)
    currentSelection                         0x1000000c   Data           4  main.o(.data)
    lastJoystickState                        0x10000010   Data           4  main.o(.data)
    lastActionTime                           0x10000014   Data           4  main.o(.data)
    osThreadId_osTimerThread                 0x1000002c   Data           4  rtx_conf_cm.o(.data)
    osMessageQId_osTimerMessageQ             0x10000030   Data           4  rtx_conf_cm.o(.data)
    os_tmr                                   0x10000034   Data           4  rtx_conf_cm.o(.data)
    m_tmr                                    0x10000038   Data           4  rtx_conf_cm.o(.data)
    SystemCoreClock                          0x10000064   Data           4  system_lpc17xx.o(.data)
    os_initialized                           0x10000068   Data           1  rt_cmsis.o(.data)
    os_running                               0x10000069   Data           1  rt_cmsis.o(.data)
    os_timer_head                            0x1000006c   Data           4  rt_cmsis.o(.data)
    os_tsk                                   0x10000070   Data           8  rt_task.o(.data)
    os_tick_irqn                             0x1000007c   Data           4  rt_system.o(.data)
    os_time                                  0x10000080   Data           4  rt_time.o(.data)
    os_robin                                 0x10000084   Data           8  rt_robin.o(.data)
    dbg_msg                                  0x1000008c   Data           1  hal_cm.o(.data)
    menuItems                                0x10000090   Data          64  main.o(.bss)
    os_mutex_cb_glcd_mutex                   0x100000d0   Data          16  main.o(.bss)
    mp_tcb                                   0x100000e0   Data         220  rtx_conf_cm.o(.bss)
    mp_stk                                   0x100001c0   Data        3088  rtx_conf_cm.o(.bss)
    os_stack_mem                             0x10000dd0   Data        1256  rtx_conf_cm.o(.bss)
    os_fifo                                  0x100012b8   Data         132  rtx_conf_cm.o(.bss)
    os_active_TCB                            0x1000133c   Data          16  rtx_conf_cm.o(.bss)
    os_messageQ_q_osTimerMessageQ            0x1000134c   Data          32  rtx_conf_cm.o(.bss)
    os_idle_TCB                              0x1000165c   Data          52  rt_task.o(.bss)
    os_rdy                                   0x10001690   Data          24  rt_list.o(.bss)
    os_dly                                   0x100016a8   Data          24  rt_list.o(.bss)
    __libspace_start                         0x100016c0   Data          96  libspace.o(.bss)
    __temporary_stack_top$libspace           0x10001720   Data           0  libspace.o(.bss)



==============================================================================

Memory Map of the image

  Image Entry point : 0x00000301

  Load Region LR_1 (Base: 0x00000000, Size: 0x00006bd0, Max: 0xffffffff, ABSOLUTE)

    Execution Region ER_RO (Exec base: 0x00000000, Load base: 0x00000000, Size: 0x00006b40, Max: 0xffffffff, ABSOLUTE)

    Exec Addr    Load Addr    Size         Type   Attr      Idx    E Section Name        Object

    0x00000000   0x00000000   0x000000cc   Data   RO          988    RESET               startup_lpc17xx.o
    0x000000cc   0x000000cc   0x00000008   Code   RO         2286  * !!!main             c_w.l(__main.o)
    0x000000d4   0x000000d4   0x00000034   Code   RO         2456    !!!scatter          c_w.l(__scatter.o)
    0x00000108   0x00000108   0x0000001a   Code   RO         2458    !!handler_copy      c_w.l(__scatter_copy.o)
    0x00000122   0x00000122   0x00000002   PAD
    0x00000124   0x00000124   0x0000001c   Code   RO         2460    !!handler_zi        c_w.l(__scatter_zi.o)
    0x00000140   0x00000140   0x00000000   Code   RO         2279    .ARM.Collect$$_printf_percent$$00000000  c_w.l(_printf_percent.o)
    0x00000140   0x00000140   0x00000006   Code   RO         2278    .ARM.Collect$$_printf_percent$$00000014  c_w.l(_printf_s.o)
    0x00000146   0x00000146   0x00000004   Code   RO         2301    .ARM.Collect$$_printf_percent$$00000017  c_w.l(_printf_percent_end.o)
    0x0000014a   0x0000014a   0x00000002   Code   RO         2342    .ARM.Collect$$libinit$$00000000  c_w.l(libinit.o)
    0x0000014c   0x0000014c   0x00000000   Code   RO         2354    .ARM.Collect$$libinit$$00000002  c_w.l(libinit2.o)
    0x0000014c   0x0000014c   0x00000000   Code   RO         2356    .ARM.Collect$$libinit$$00000004  c_w.l(libinit2.o)
    0x0000014c   0x0000014c   0x00000000   Code   RO         2359    .ARM.Collect$$libinit$$0000000A  c_w.l(libinit2.o)
    0x0000014c   0x0000014c   0x00000000   Code   RO         2361    .ARM.Collect$$libinit$$0000000C  c_w.l(libinit2.o)
    0x0000014c   0x0000014c   0x00000000   Code   RO         2363    .ARM.Collect$$libinit$$0000000E  c_w.l(libinit2.o)
    0x0000014c   0x0000014c   0x00000000   Code   RO         2366    .ARM.Collect$$libinit$$00000011  c_w.l(libinit2.o)
    0x0000014c   0x0000014c   0x00000000   Code   RO         2368    .ARM.Collect$$libinit$$00000013  c_w.l(libinit2.o)
    0x0000014c   0x0000014c   0x00000000   Code   RO         2370    .ARM.Collect$$libinit$$00000015  c_w.l(libinit2.o)
    0x0000014c   0x0000014c   0x00000000   Code   RO         2372    .ARM.Collect$$libinit$$00000017  c_w.l(libinit2.o)
    0x0000014c   0x0000014c   0x00000000   Code   RO         2374    .ARM.Collect$$libinit$$00000019  c_w.l(libinit2.o)
    0x0000014c   0x0000014c   0x00000000   Code   RO         2376    .ARM.Collect$$libinit$$0000001B  c_w.l(libinit2.o)
    0x0000014c   0x0000014c   0x00000000   Code   RO         2378    .ARM.Collect$$libinit$$0000001D  c_w.l(libinit2.o)
    0x0000014c   0x0000014c   0x00000000   Code   RO         2380    .ARM.Collect$$libinit$$0000001F  c_w.l(libinit2.o)
    0x0000014c   0x0000014c   0x00000000   Code   RO         2382    .ARM.Collect$$libinit$$00000021  c_w.l(libinit2.o)
    0x0000014c   0x0000014c   0x00000000   Code   RO         2384    .ARM.Collect$$libinit$$00000023  c_w.l(libinit2.o)
    0x0000014c   0x0000014c   0x00000000   Code   RO         2386    .ARM.Collect$$libinit$$00000025  c_w.l(libinit2.o)
    0x0000014c   0x0000014c   0x00000000   Code   RO         2390    .ARM.Collect$$libinit$$0000002C  c_w.l(libinit2.o)
    0x0000014c   0x0000014c   0x00000000   Code   RO         2392    .ARM.Collect$$libinit$$0000002E  c_w.l(libinit2.o)
    0x0000014c   0x0000014c   0x00000000   Code   RO         2394    .ARM.Collect$$libinit$$00000030  c_w.l(libinit2.o)
    0x0000014c   0x0000014c   0x00000000   Code   RO         2396    .ARM.Collect$$libinit$$00000032  c_w.l(libinit2.o)
    0x0000014c   0x0000014c   0x00000002   Code   RO         2397    .ARM.Collect$$libinit$$00000033  c_w.l(libinit2.o)
    0x0000014e   0x0000014e   0x00000002   Code   RO         2343    .ARM.Collect$$libshutdown$$00000000  c_w.l(libshutdown.o)
    0x00000150   0x00000150   0x00000000   Code   RO         2399    .ARM.Collect$$libshutdown$$00000002  c_w.l(libshutdown2.o)
    0x00000150   0x00000150   0x00000000   Code   RO         2401    .ARM.Collect$$libshutdown$$00000004  c_w.l(libshutdown2.o)
    0x00000150   0x00000150   0x00000000   Code   RO         2404    .ARM.Collect$$libshutdown$$00000007  c_w.l(libshutdown2.o)
    0x00000150   0x00000150   0x00000000   Code   RO         2407    .ARM.Collect$$libshutdown$$0000000A  c_w.l(libshutdown2.o)
    0x00000150   0x00000150   0x00000000   Code   RO         2409    .ARM.Collect$$libshutdown$$0000000C  c_w.l(libshutdown2.o)
    0x00000150   0x00000150   0x00000000   Code   RO         2412    .ARM.Collect$$libshutdown$$0000000F  c_w.l(libshutdown2.o)
    0x00000150   0x00000150   0x00000002   Code   RO         2413    .ARM.Collect$$libshutdown$$00000010  c_w.l(libshutdown2.o)
    0x00000152   0x00000152   0x00000000   Code   RO         2288    .ARM.Collect$$rtentry$$00000000  c_w.l(__rtentry.o)
    0x00000152   0x00000152   0x00000000   Code   RO         2303    .ARM.Collect$$rtentry$$00000002  c_w.l(__rtentry2.o)
    0x00000152   0x00000152   0x00000006   Code   RO         2315    .ARM.Collect$$rtentry$$00000004  c_w.l(__rtentry4.o)
    0x00000158   0x00000158   0x00000000   Code   RO         2305    .ARM.Collect$$rtentry$$00000009  c_w.l(__rtentry2.o)
    0x00000158   0x00000158   0x00000004   Code   RO         2306    .ARM.Collect$$rtentry$$0000000A  c_w.l(__rtentry2.o)
    0x0000015c   0x0000015c   0x00000008   Code   RO         2307    .ARM.Collect$$rtentry$$0000000B  c_w.l(__rtentry2.o)
    0x00000164   0x00000164   0x00000008   Code   RO         2309    .ARM.Collect$$rtentry$$0000000D  c_w.l(__rtentry2.o)
    0x0000016c   0x0000016c   0x00000002   Code   RO         2289    .ARM.Collect$$rtexit$$00000000  c_w.l(rtexit.o)
    0x0000016e   0x0000016e   0x00000000   Code   RO         2318    .ARM.Collect$$rtexit$$00000002  c_w.l(rtexit2.o)
    0x0000016e   0x0000016e   0x00000004   Code   RO         2319    .ARM.Collect$$rtexit$$00000003  c_w.l(rtexit2.o)
    0x00000172   0x00000172   0x00000006   Code   RO         2320    .ARM.Collect$$rtexit$$00000004  c_w.l(rtexit2.o)
    0x00000178   0x00000178   0x0000001c   Code   RO          461    .emb_text           rtx_conf_cm.o
    0x00000194   0x00000194   0x00000130   Code   RO         2230    .emb_text           RTX_CM3.lib(hal_cm3.o)
    0x000002c4   0x000002c4   0x00000008   Code   RO         2245    .text               c_w.l(libspace.o)
    0x000002cc   0x000002cc   0x00000028   Code   RO         2252    .text               c_w.l(noretval__2sprintf.o)
    0x000002f4   0x000002f4   0x00000006   Code   RO         2284    .text               c_w.l(heapauxi.o)
    0x000002fa   0x000002fa   0x00000002   Code   RO         2344    .text               c_w.l(use_no_semi.o)
    0x000002fc   0x000002fc   0x00000004   Code   RO          989    .ARM.__at_0x02FC    startup_lpc17xx.o
    0x00000300   0x00000300   0x0000003c   Code   RO          990  * .text               startup_lpc17xx.o
    0x0000033c   0x0000033c   0x00000068   Code   RO         2254    .text               c_w.l(__printf.o)
    0x000003a4   0x000003a4   0x00000052   Code   RO         2256    .text               c_w.l(_printf_str.o)
    0x000003f6   0x000003f6   0x00000012   Code   RO         2280    .text               c_w.l(exit.o)
    0x00000408   0x00000408   0x0000004e   Code   RO         2282    .text               c_w.l(rt_memclr_w.o)
    0x00000456   0x00000456   0x00000002   PAD
    0x00000458   0x00000458   0x00000030   Code   RO         2295    .text               c_w.l(_printf_char_common.o)
    0x00000488   0x00000488   0x0000000a   Code   RO         2297    .text               c_w.l(_sputc.o)
    0x00000492   0x00000492   0x0000002c   Code   RO         2299    .text               c_w.l(_printf_char.o)
    0x000004be   0x000004be   0x00000002   PAD
    0x000004c0   0x000004c0   0x0000000c   Code   RO         2328    .text               c_w.l(sys_exit.o)
    0x000004cc   0x000004cc   0x0000004a   Code   RO         2330    .text               c_w.l(sys_stackheap_outer.o)
    0x00000516   0x00000516   0x00000000   Code   RO         2346    .text               c_w.l(indicate_semi.o)
    0x00000516   0x00000516   0x00000002   PAD
    0x00000518   0x00000518   0x00000004   Code   RO         2240    SVC_TABLE           RTX_CM3.lib(svc_table.o)
    0x0000051c   0x0000051c   0x00000020   Code   RO          809    i.Clear_Channel_active_flag  gpdma_lpc17xx.o
    0x0000053c   0x0000053c   0x00000180   Code   RO          810    i.DMA_IRQHandler    gpdma_lpc17xx.o
    0x000006bc   0x000006bc   0x0000003c   Code   RO          189    i.GLCD_ClearScreen  glcd_mcb1700.o
    0x000006f8   0x000006f8   0x000000d0   Code   RO          192    i.GLCD_DrawChar     glcd_mcb1700.o
    0x000007c8   0x000007c8   0x0000002c   Code   RO          196    i.GLCD_DrawString   glcd_mcb1700.o
    0x000007f4   0x000007f4   0x000005fe   Code   RO          200    i.GLCD_Initialize   glcd_mcb1700.o
    0x00000df2   0x00000df2   0x00000002   PAD
    0x00000df4   0x00000df4   0x00000010   Code   RO          201    i.GLCD_SetBackgroundColor  glcd_mcb1700.o
    0x00000e04   0x00000e04   0x00000010   Code   RO          202    i.GLCD_SetFont      glcd_mcb1700.o
    0x00000e14   0x00000e14   0x00000010   Code   RO          203    i.GLCD_SetForegroundColor  glcd_mcb1700.o
    0x00000e24   0x00000e24   0x000000a0   Code   RO          204    i.GLCD_SetWindow    glcd_mcb1700.o
    0x00000ec4   0x00000ec4   0x000000f4   Code   RO          811    i.GPDMA_ChannelConfigure  gpdma_lpc17xx.o
    0x00000fb8   0x00000fb8   0x00000030   Code   RO          812    i.GPDMA_ChannelDisable  gpdma_lpc17xx.o
    0x00000fe8   0x00000fe8   0x00000030   Code   RO          814    i.GPDMA_ChannelGetCount  gpdma_lpc17xx.o
    0x00001018   0x00001018   0x000000b0   Code   RO          816    i.GPDMA_Initialize  gpdma_lpc17xx.o
    0x000010c8   0x000010c8   0x00000044   Code   RO          817    i.GPDMA_PeripheralSelect  gpdma_lpc17xx.o
    0x0000110c   0x0000110c   0x00000068   Code   RO          818    i.GPDMA_Uninitialize  gpdma_lpc17xx.o
    0x00001174   0x00001174   0x00000034   Code   RO            4    i.GPIO_Joystick_Init  main.o
    0x000011a8   0x000011a8   0x00000020   Code   RO          899    i.GPIO_PinRead      gpio_lpc17xx.o
    0x000011c8   0x000011c8   0x00000028   Code   RO          900    i.GPIO_PinWrite     gpio_lpc17xx.o
    0x000011f0   0x000011f0   0x0000002c   Code   RO          901    i.GPIO_PortClock    gpio_lpc17xx.o
    0x0000121c   0x0000121c   0x00000038   Code   RO          904    i.GPIO_SetDir       gpio_lpc17xx.o
    0x00001254   0x00001254   0x00000050   Code   RO          522    i.GetSPIClockFreq   spi_lpc17xx.o
    0x000012a4   0x000012a4   0x00000044   Code   RO          635    i.GetSSPClockFreq   ssp_lpc17xx.o
    0x000012e8   0x000012e8   0x0000005c   Code   RO          417    i.LED_Initialize    led_mcb1700.o
    0x00001344   0x00001344   0x0000002c   Code   RO          418    i.LED_Off           led_mcb1700.o
    0x00001370   0x00001370   0x0000002c   Code   RO          419    i.LED_On            led_mcb1700.o
    0x0000139c   0x0000139c   0x000000fc   Code   RO          953    i.PIN_Configure     pin_lpc17xx.o
    0x00001498   0x00001498   0x000005e8   Code   RO          523    i.SPI_Control       spi_lpc17xx.o
    0x00001a80   0x00001a80   0x0000000c   Code   RO          524    i.SPI_GetCapabilities  spi_lpc17xx.o
    0x00001a8c   0x00001a8c   0x00000020   Code   RO          525    i.SPI_GetDataCount  spi_lpc17xx.o
    0x00001aac   0x00001aac   0x0000003c   Code   RO          526    i.SPI_GetStatus     spi_lpc17xx.o
    0x00001ae8   0x00001ae8   0x00000010   Code   RO          527    i.SPI_GetVersion    spi_lpc17xx.o
    0x00001af8   0x00001af8   0x00000208   Code   RO          528    i.SPI_IRQHandler    spi_lpc17xx.o
    0x00001d00   0x00001d00   0x000000c8   Code   RO          529    i.SPI_Initialize    spi_lpc17xx.o
    0x00001dc8   0x00001dc8   0x000001b8   Code   RO          530    i.SPI_PowerControl  spi_lpc17xx.o
    0x00001f80   0x00001f80   0x000000b8   Code   RO          531    i.SPI_Receive       spi_lpc17xx.o
    0x00002038   0x00002038   0x00000118   Code   RO          532    i.SPI_Send          spi_lpc17xx.o
    0x00002150   0x00002150   0x00000118   Code   RO          533    i.SPI_Transfer      spi_lpc17xx.o
    0x00002268   0x00002268   0x0000009c   Code   RO          534    i.SPI_Uninitialize  spi_lpc17xx.o
    0x00002304   0x00002304   0x00000018   Code   RO          636    i.SSP1_Control      ssp_lpc17xx.o
    0x0000231c   0x0000231c   0x00000014   Code   RO          637    i.SSP1_GPDMA_Rx_SignalEvent  ssp_lpc17xx.o
    0x00002330   0x00002330   0x00000014   Code   RO          638    i.SSP1_GPDMA_Tx_SignalEvent  ssp_lpc17xx.o
    0x00002344   0x00002344   0x00000010   Code   RO          639    i.SSP1_GetDataCount  ssp_lpc17xx.o
    0x00002354   0x00002354   0x00000010   Code   RO          640    i.SSP1_GetStatus    ssp_lpc17xx.o
    0x00002364   0x00002364   0x00000010   Code   RO          641    i.SSP1_IRQHandler   ssp_lpc17xx.o
    0x00002374   0x00002374   0x00000014   Code   RO          642    i.SSP1_Initialize   ssp_lpc17xx.o
    0x00002388   0x00002388   0x00000014   Code   RO          643    i.SSP1_PowerControl  ssp_lpc17xx.o
    0x0000239c   0x0000239c   0x00000018   Code   RO          644    i.SSP1_Receive      ssp_lpc17xx.o
    0x000023b4   0x000023b4   0x00000018   Code   RO          645    i.SSP1_Send         ssp_lpc17xx.o
    0x000023cc   0x000023cc   0x0000001c   Code   RO          646    i.SSP1_Transfer     ssp_lpc17xx.o
    0x000023e8   0x000023e8   0x00000010   Code   RO          647    i.SSP1_Uninitialize  ssp_lpc17xx.o
    0x000023f8   0x000023f8   0x0000000c   Code   RO          648    i.SSP_GetCapabilities  ssp_lpc17xx.o
    0x00002404   0x00002404   0x00000010   Code   RO          649    i.SSP_GetVersion    ssp_lpc17xx.o
    0x00002414   0x00002414   0x0000051e   Code   RO          650    i.SSPx_Control      ssp_lpc17xx.o
    0x00002932   0x00002932   0x00000036   Code   RO          651    i.SSPx_GPDMA_Rx_SignalEvent  ssp_lpc17xx.o
    0x00002968   0x00002968   0x0000001c   Code   RO          652    i.SSPx_GPDMA_Tx_SignalEvent  ssp_lpc17xx.o
    0x00002984   0x00002984   0x0000002c   Code   RO          653    i.SSPx_GetDataCount  ssp_lpc17xx.o
    0x000029b0   0x000029b0   0x0000002c   Code   RO          654    i.SSPx_GetStatus    ssp_lpc17xx.o
    0x000029dc   0x000029dc   0x00000104   Code   RO          655    i.SSPx_IRQHandler   ssp_lpc17xx.o
    0x00002ae0   0x00002ae0   0x000000a8   Code   RO          656    i.SSPx_Initialize   ssp_lpc17xx.o
    0x00002b88   0x00002b88   0x000001a4   Code   RO          657    i.SSPx_PowerControl  ssp_lpc17xx.o
    0x00002d2c   0x00002d2c   0x0000015c   Code   RO          658    i.SSPx_Receive      ssp_lpc17xx.o
    0x00002e88   0x00002e88   0x00000154   Code   RO          659    i.SSPx_Send         ssp_lpc17xx.o
    0x00002fdc   0x00002fdc   0x00000152   Code   RO          660    i.SSPx_Transfer     ssp_lpc17xx.o
    0x0000312e   0x0000312e   0x00000070   Code   RO          661    i.SSPx_Uninitialize  ssp_lpc17xx.o
    0x0000319e   0x0000319e   0x00000002   PAD
    0x000031a0   0x000031a0   0x00000038   Code   RO          819    i.Set_Channel_active_flag  gpdma_lpc17xx.o
    0x000031d8   0x000031d8   0x00000140   Code   RO         1000    i.SystemInit        system_lpc17xx.o
    0x00003318   0x00003318   0x0000001c   Code   RO          535    i.__NVIC_ClearPendingIRQ  spi_lpc17xx.o
    0x00003334   0x00003334   0x0000001c   Code   RO          662    i.__NVIC_ClearPendingIRQ  ssp_lpc17xx.o
    0x00003350   0x00003350   0x0000001c   Code   RO          820    i.__NVIC_ClearPendingIRQ  gpdma_lpc17xx.o
    0x0000336c   0x0000336c   0x00000046   Code   RO         2129    i._init_box         RTX_CM3.lib(rt_membox.o)
    0x000033b2   0x000033b2   0x00000002   PAD
    0x000033b4   0x000033b4   0x00000020   Code   RO          463    i._mutex_acquire    rtx_conf_cm.o
    0x000033d4   0x000033d4   0x0000001c   Code   RO          465    i._mutex_release    rtx_conf_cm.o
    0x000033f0   0x000033f0   0x00000030   Code   RO         2182    i.dbg_init          RTX_CM3.lib(hal_cm.o)
    0x00003420   0x00003420   0x00000020   Code   RO         2183    i.dbg_task_notify   RTX_CM3.lib(hal_cm.o)
    0x00003440   0x00003440   0x00000010   Code   RO         2184    i.dbg_task_switch   RTX_CM3.lib(hal_cm.o)
    0x00003450   0x00003450   0x00000030   Code   RO          207    i.delay_ms          glcd_mcb1700.o
    0x00003480   0x00003480   0x00000098   Code   RO            5    i.displayMenu       main.o
    0x00003518   0x00003518   0x00000098   Code   RO            6    i.displayMenuPartial  main.o
    0x000035b0   0x000035b0   0x00000020   Code   RO            7    i.exitMenu          main.o
    0x000035d0   0x000035d0   0x000000ac   Code   RO            8    i.initializeMenu    main.o
    0x0000367c   0x0000367c   0x0000002a   Code   RO         1035    i.isrMessageGet     RTX_CM3.lib(rt_cmsis.o)
    0x000036a6   0x000036a6   0x0000002c   Code   RO         1036    i.isrMessagePut     RTX_CM3.lib(rt_cmsis.o)
    0x000036d2   0x000036d2   0x00000002   PAD
    0x000036d4   0x000036d4   0x00000056   Code   RO         1984    i.isr_mbx_receive   RTX_CM3.lib(rt_mailbox.o)
    0x0000372a   0x0000372a   0x0000000e   Code   RO         1985    i.isr_mbx_send      RTX_CM3.lib(rt_mailbox.o)
    0x00003738   0x00003738   0x00000108   Code   RO            9    i.joystickControlThread  main.o
    0x00003840   0x00003840   0x000000c4   Code   RO           10    i.main              main.o
    0x00003904   0x00003904   0x00000020   Code   RO           11    i.maintenanceMode   main.o
    0x00003924   0x00003924   0x00000010   Code   RO           12    i.menuDisplayThread  main.o
    0x00003934   0x00003934   0x00000018   Code   RO         1039    i.osDelay           RTX_CM3.lib(rt_cmsis.o)
    0x0000394c   0x0000394c   0x00000024   Code   RO         1040    i.osKernelInitialize  RTX_CM3.lib(rt_cmsis.o)
    0x00003970   0x00003970   0x0000006c   Code   RO         1042    i.osKernelStart     RTX_CM3.lib(rt_cmsis.o)
    0x000039dc   0x000039dc   0x00000018   Code   RO         1043    i.osKernelSysTick   RTX_CM3.lib(rt_cmsis.o)
    0x000039f4   0x000039f4   0x00000018   Code   RO         1051    i.osMessageGet      RTX_CM3.lib(rt_cmsis.o)
    0x00003a0c   0x00003a0c   0x0000002c   Code   RO         1053    i.osMutexCreate     RTX_CM3.lib(rt_cmsis.o)
    0x00003a38   0x00003a38   0x00000018   Code   RO         1055    i.osMutexRelease    RTX_CM3.lib(rt_cmsis.o)
    0x00003a50   0x00003a50   0x00000018   Code   RO         1056    i.osMutexWait       RTX_CM3.lib(rt_cmsis.o)
    0x00003a68   0x00003a68   0x0000002c   Code   RO         1068    i.osThreadCreate    RTX_CM3.lib(rt_cmsis.o)
    0x00003a94   0x00003a94   0x00000018   Code   RO         1069    i.osThreadExit      RTX_CM3.lib(rt_cmsis.o)
    0x00003aac   0x00003aac   0x0000000c   Code   RO         1075    i.osTimerCall       RTX_CM3.lib(rt_cmsis.o)
    0x00003ab8   0x00003ab8   0x0000002c   Code   RO         1080    i.osTimerThread     RTX_CM3.lib(rt_cmsis.o)
    0x00003ae4   0x00003ae4   0x00000022   Code   RO          466    i.os_error          rtx_conf_cm.o
    0x00003b06   0x00003b06   0x00000004   Code   RO          467    i.os_idle_demon     rtx_conf_cm.o
    0x00003b0a   0x00003b0a   0x00000002   PAD
    0x00003b0c   0x00003b0c   0x00000028   Code   RO         1776    i.os_tick_init      RTX_CM3.lib(rt_system.o)
    0x00003b34   0x00003b34   0x00000002   Code   RO         1777    i.os_tick_irqack    RTX_CM3.lib(rt_system.o)
    0x00003b36   0x00003b36   0x00000002   PAD
    0x00003b38   0x00003b38   0x00000010   Code   RO         1778    i.os_tick_ovf       RTX_CM3.lib(rt_system.o)
    0x00003b48   0x00003b48   0x00000014   Code   RO         1779    i.os_tick_val       RTX_CM3.lib(rt_system.o)
    0x00003b5c   0x00003b5c   0x000000c8   Code   RO          208    i.rd_id_man         glcd_mcb1700.o
    0x00003c24   0x00003c24   0x00000034   Code   RO           13    i.readJoystick      main.o
    0x00003c58   0x00003c58   0x0000001a   Code   RO         2130    i.rt_alloc_box      RTX_CM3.lib(rt_membox.o)
    0x00003c72   0x00003c72   0x0000003e   Code   RO         2158    i.rt_alloc_mem      RTX_CM3.lib(rt_memory.o)
    0x00003cb0   0x00003cb0   0x00000038   Code   RO         1657    i.rt_block          RTX_CM3.lib(rt_task.o)
    0x00003ce8   0x00003ce8   0x00000048   Code   RO         2107    i.rt_chk_robin      RTX_CM3.lib(rt_robin.o)
    0x00003d30   0x00003d30   0x00000070   Code   RO         1908    i.rt_dec_dly        RTX_CM3.lib(rt_list.o)
    0x00003da0   0x00003da0   0x00000044   Code   RO         1658    i.rt_dispatch       RTX_CM3.lib(rt_task.o)
    0x00003de4   0x00003de4   0x00000006   Code   RO         2074    i.rt_dly_wait       RTX_CM3.lib(rt_time.o)
    0x00003dea   0x00003dea   0x00000002   PAD
    0x00003dec   0x00003dec   0x00000050   Code   RO         1869    i.rt_evt_psh        RTX_CM3.lib(rt_event.o)
    0x00003e3c   0x00003e3c   0x0000002c   Code   RO         2131    i.rt_free_box       RTX_CM3.lib(rt_membox.o)
    0x00003e68   0x00003e68   0x00000028   Code   RO         2159    i.rt_free_mem       RTX_CM3.lib(rt_memory.o)
    0x00003e90   0x00003e90   0x00000028   Code   RO         1909    i.rt_get_first      RTX_CM3.lib(rt_list.o)
    0x00003eb8   0x00003eb8   0x00000008   Code   RO         1085    i.rt_id2obj         RTX_CM3.lib(rt_cmsis.o)
    0x00003ec0   0x00003ec0   0x00000048   Code   RO         1659    i.rt_init_context   RTX_CM3.lib(rt_task.o)
    0x00003f08   0x00003f08   0x0000001a   Code   RO         2160    i.rt_init_mem       RTX_CM3.lib(rt_memory.o)
    0x00003f22   0x00003f22   0x00000002   PAD
    0x00003f24   0x00003f24   0x00000018   Code   RO         2108    i.rt_init_robin     RTX_CM3.lib(rt_robin.o)
    0x00003f3c   0x00003f3c   0x00000080   Code   RO         2185    i.rt_init_stack     RTX_CM3.lib(hal_cm.o)
    0x00003fbc   0x00003fbc   0x00000008   Code   RO         1986    i.rt_mbx_check      RTX_CM3.lib(rt_mailbox.o)
    0x00003fc4   0x00003fc4   0x0000001a   Code   RO         1987    i.rt_mbx_init       RTX_CM3.lib(rt_mailbox.o)
    0x00003fde   0x00003fde   0x00000002   PAD
    0x00003fe0   0x00003fe0   0x000000f0   Code   RO         1988    i.rt_mbx_psh        RTX_CM3.lib(rt_mailbox.o)
    0x000040d0   0x000040d0   0x000000b4   Code   RO         1990    i.rt_mbx_wait       RTX_CM3.lib(rt_mailbox.o)
    0x00004184   0x00004184   0x00000044   Code   RO         1086    i.rt_ms2tick        RTX_CM3.lib(rt_cmsis.o)
    0x000041c8   0x000041c8   0x00000010   Code   RO         1742    i.rt_mut_init       RTX_CM3.lib(rt_mutex.o)
    0x000041d8   0x000041d8   0x000000d8   Code   RO         1743    i.rt_mut_release    RTX_CM3.lib(rt_mutex.o)
    0x000042b0   0x000042b0   0x00000078   Code   RO         1744    i.rt_mut_wait       RTX_CM3.lib(rt_mutex.o)
    0x00004328   0x00004328   0x0000007c   Code   RO         1780    i.rt_pop_req        RTX_CM3.lib(rt_system.o)
    0x000043a4   0x000043a4   0x00000020   Code   RO         1781    i.rt_psh_req        RTX_CM3.lib(rt_system.o)
    0x000043c4   0x000043c4   0x0000005c   Code   RO         1911    i.rt_psq_enq        RTX_CM3.lib(rt_list.o)
    0x00004420   0x00004420   0x00000048   Code   RO         1912    i.rt_put_dly        RTX_CM3.lib(rt_list.o)
    0x00004468   0x00004468   0x00000036   Code   RO         1913    i.rt_put_prio       RTX_CM3.lib(rt_list.o)
    0x0000449e   0x0000449e   0x00000002   PAD
    0x000044a0   0x000044a0   0x00000014   Code   RO         1914    i.rt_put_rdy_first  RTX_CM3.lib(rt_list.o)
    0x000044b4   0x000044b4   0x00000034   Code   RO         1915    i.rt_resort_prio    RTX_CM3.lib(rt_list.o)
    0x000044e8   0x000044e8   0x00000006   Code   RO         2186    i.rt_ret_val        RTX_CM3.lib(hal_cm.o)
    0x000044ee   0x000044ee   0x00000008   Code   RO         2187    i.rt_ret_val2       RTX_CM3.lib(hal_cm.o)
    0x000044f6   0x000044f6   0x00000028   Code   RO         1916    i.rt_rmv_dly        RTX_CM3.lib(rt_list.o)
    0x0000451e   0x0000451e   0x00000002   PAD
    0x00004520   0x00004520   0x00000030   Code   RO         1917    i.rt_rmv_list       RTX_CM3.lib(rt_list.o)
    0x00004550   0x00004550   0x00000034   Code   RO         2035    i.rt_sem_psh        RTX_CM3.lib(rt_semaphore.o)
    0x00004584   0x00004584   0x00000024   Code   RO         1783    i.rt_stk_check      RTX_CM3.lib(rt_system.o)
    0x000045a8   0x000045a8   0x00000028   Code   RO         1660    i.rt_switch_req     RTX_CM3.lib(rt_task.o)
    0x000045d0   0x000045d0   0x000000cc   Code   RO         1661    i.rt_sys_init       RTX_CM3.lib(rt_task.o)
    0x0000469c   0x0000469c   0x00000078   Code   RO         1662    i.rt_sys_start      RTX_CM3.lib(rt_task.o)
    0x00004714   0x00004714   0x00000040   Code   RO         1785    i.rt_systick        RTX_CM3.lib(rt_system.o)
    0x00004754   0x00004754   0x00000012   Code   RO         1087    i.rt_tid2ptcb       RTX_CM3.lib(rt_cmsis.o)
    0x00004766   0x00004766   0x00000002   PAD
    0x00004768   0x00004768   0x00000034   Code   RO         1088    i.rt_timer_insert   RTX_CM3.lib(rt_cmsis.o)
    0x0000479c   0x0000479c   0x00000088   Code   RO         1663    i.rt_tsk_create     RTX_CM3.lib(rt_task.o)
    0x00004824   0x00004824   0x0000017c   Code   RO         1664    i.rt_tsk_delete     RTX_CM3.lib(rt_task.o)
    0x000049a0   0x000049a0   0x0000007c   Code   RO         1666    i.rt_tsk_prio       RTX_CM3.lib(rt_task.o)
    0x00004a1c   0x00004a1c   0x00000010   Code   RO         1667    i.rt_tsk_self       RTX_CM3.lib(rt_task.o)
    0x00004a2c   0x00004a2c   0x00000020   Code   RO           14    i.setAlarmThreshold  main.o
    0x00004a4c   0x00004a4c   0x00000020   Code   RO           15    i.setPumpDuration   main.o
    0x00004a6c   0x00004a6c   0x0000001c   Code   RO           16    i.setPumpSpeed      main.o
    0x00004a88   0x00004a88   0x00000068   Code   RO           17    i.showActionMessage  main.o
    0x00004af0   0x00004af0   0x0000002c   Code   RO          209    i.spi_tran          glcd_mcb1700.o
    0x00004b1c   0x00004b1c   0x00000088   Code   RO          210    i.spi_tran_man      glcd_mcb1700.o
    0x00004ba4   0x00004ba4   0x00000024   Code   RO           18    i.startPump         main.o
    0x00004bc8   0x00004bc8   0x00000024   Code   RO           19    i.stopPump          main.o
    0x00004bec   0x00004bec   0x00000012   Code   RO         1090    i.svcDelay          RTX_CM3.lib(rt_cmsis.o)
    0x00004bfe   0x00004bfe   0x00000002   PAD
    0x00004c00   0x00004c00   0x00000070   Code   RO         1091    i.svcKernelInitialize  RTX_CM3.lib(rt_cmsis.o)
    0x00004c70   0x00004c70   0x00000048   Code   RO         1093    i.svcKernelStart    RTX_CM3.lib(rt_cmsis.o)
    0x00004cb8   0x00004cb8   0x00000038   Code   RO         1094    i.svcKernelSysTick  RTX_CM3.lib(rt_cmsis.o)
    0x00004cf0   0x00004cf0   0x00000024   Code   RO         1096    i.svcMessageCreate  RTX_CM3.lib(rt_cmsis.o)
    0x00004d14   0x00004d14   0x0000003a   Code   RO         1097    i.svcMessageGet     RTX_CM3.lib(rt_cmsis.o)
    0x00004d4e   0x00004d4e   0x0000001c   Code   RO         1099    i.svcMutexCreate    RTX_CM3.lib(rt_cmsis.o)
    0x00004d6a   0x00004d6a   0x00000022   Code   RO         1101    i.svcMutexRelease   RTX_CM3.lib(rt_cmsis.o)
    0x00004d8c   0x00004d8c   0x0000003a   Code   RO         1102    i.svcMutexWait      RTX_CM3.lib(rt_cmsis.o)
    0x00004dc6   0x00004dc6   0x00000002   PAD
    0x00004dc8   0x00004dc8   0x0000006c   Code   RO         1111    i.svcThreadCreate   RTX_CM3.lib(rt_cmsis.o)
    0x00004e34   0x00004e34   0x0000001c   Code   RO         1112    i.svcThreadGetId    RTX_CM3.lib(rt_cmsis.o)
    0x00004e50   0x00004e50   0x00000038   Code   RO         1115    i.svcThreadTerminate  RTX_CM3.lib(rt_cmsis.o)
    0x00004e88   0x00004e88   0x00000018   Code   RO         1117    i.svcTimerCall      RTX_CM3.lib(rt_cmsis.o)
    0x00004ea0   0x00004ea0   0x0000005c   Code   RO         1126    i.sysTimerTick      RTX_CM3.lib(rt_cmsis.o)
    0x00004efc   0x00004efc   0x0000001c   Code   RO           20    i.viewStatus        main.o
    0x00004f18   0x00004f18   0x0000004c   Code   RO          211    i.wr_cmd            glcd_mcb1700.o
    0x00004f64   0x00004f64   0x00000034   Code   RO          212    i.wr_dat_only       glcd_mcb1700.o
    0x00004f98   0x00004f98   0x00000018   Code   RO          213    i.wr_dat_start      glcd_mcb1700.o
    0x00004fb0   0x00004fb0   0x00000014   Code   RO          214    i.wr_dat_stop       glcd_mcb1700.o
    0x00004fc4   0x00004fc4   0x00000090   Code   RO          215    i.wr_reg            glcd_mcb1700.o
    0x00005054   0x00005054   0x00000064   Data   RO           22    .constdata          main.o
    0x000050b8   0x000050b8   0x000018a0   Data   RO          177    .constdata          glcd_fonts.o
    0x00006958   0x00006958   0x00000010   Data   RO          422    .constdata          led_mcb1700.o
    0x00006968   0x00006968   0x00000068   Data   RO          469    .constdata          rtx_conf_cm.o
    0x000069d0   0x000069d0   0x0000006c   Data   RO          537    .constdata          spi_lpc17xx.o
    0x00006a3c   0x00006a3c   0x0000007c   Data   RO          664    .constdata          ssp_lpc17xx.o
    0x00006ab8   0x00006ab8   0x00000066   Data   RO           23    .conststring        main.o
    0x00006b1e   0x00006b1e   0x00000002   PAD
    0x00006b20   0x00006b20   0x00000020   Data   RO         2454    Region$$Table       anon$$obj.o


    Execution Region ER_RW (Exec base: 0x10000000, Load base: 0x00006b40, Size: 0x00000090, Max: 0xffffffff, ABSOLUTE)

    Exec Addr    Load Addr    Size         Type   Attr      Idx    E Section Name        Object

    0x10000000   0x00006b40   0x00000018   Data   RW           24    .data               main.o
    0x10000018   0x00006b58   0x00000011   Data   RW          216    .data               glcd_mcb1700.o
    0x10000029   0x00006b69   0x00000003   PAD
    0x1000002c   0x00006b6c   0x00000014   Data   RW          470    .data               rtx_conf_cm.o
    0x10000040   0x00006b80   0x0000000c   Data   RW          538    .data               spi_lpc17xx.o
    0x1000004c   0x00006b8c   0x00000010   Data   RW          665    .data               ssp_lpc17xx.o
    0x1000005c   0x00006b9c   0x00000008   Data   RW          822    .data               gpdma_lpc17xx.o
    0x10000064   0x00006ba4   0x00000004   Data   RW         1001    .data               system_lpc17xx.o
    0x10000068   0x00006ba8   0x00000008   Data   RW         1129    .data               RTX_CM3.lib(rt_cmsis.o)
    0x10000070   0x00006bb0   0x00000008   Data   RW         1669    .data               RTX_CM3.lib(rt_task.o)
    0x10000078   0x00006bb8   0x00000008   Data   RW         1788    .data               RTX_CM3.lib(rt_system.o)
    0x10000080   0x00006bc0   0x00000004   Data   RW         2078    .data               RTX_CM3.lib(rt_time.o)
    0x10000084   0x00006bc4   0x00000008   Data   RW         2109    .data               RTX_CM3.lib(rt_robin.o)
    0x1000008c   0x00006bcc   0x00000001   Data   RW         2188    .data               RTX_CM3.lib(hal_cm.o)


    Execution Region ER_ZI (Exec base: 0x10000090, Load base: 0x00006bd0, Size: 0x00001890, Max: 0xffffffff, ABSOLUTE)

    Exec Addr    Load Addr    Size         Type   Attr      Idx    E Section Name        Object

    0x10000090        -       0x00000050   Zero   RW           21    .bss                main.o
    0x100000e0        -       0x0000148c   Zero   RW          468    .bss                rtx_conf_cm.o
    0x1000156c        -       0x00000028   Zero   RW          536    .bss                spi_lpc17xx.o
    0x10001594        -       0x00000028   Zero   RW          663    .bss                ssp_lpc17xx.o
    0x100015bc        -       0x000000a0   Zero   RW          821    .bss                gpdma_lpc17xx.o
    0x1000165c        -       0x00000034   Zero   RW         1668    .bss                RTX_CM3.lib(rt_task.o)
    0x10001690        -       0x00000030   Zero   RW         1918    .bss                RTX_CM3.lib(rt_list.o)
    0x100016c0        -       0x00000060   Zero   RW         2246    .bss                c_w.l(libspace.o)
    0x10001720        -       0x00000000   Zero   RW          987    HEAP                startup_lpc17xx.o
    0x10001720        -       0x00000200   Zero   RW          986    STACK               startup_lpc17xx.o


==============================================================================

Image component sizes


      Code (inc. data)   RO Data    RW Data    ZI Data      Debug   Object Name

         0          0       6304          0          0        876   glcd_fonts.o
      2798        110          0         17          0      18616   glcd_mcb1700.o
      1188         94          0          8        160       8306   gpdma_lpc17xx.o
       172         18          0          0          0       2330   gpio_lpc17xx.o
       180         12         16          0          0       2698   led_mcb1700.o
      1416        368        202         24         80      35613   main.o
       252          6          0          0          0        812   pin_lpc17xx.o
       126         26        104         20       5260       9099   rtx_conf_cm.o
      3800         86        108         12         40      39458   spi_lpc17xx.o
      3834        104        124         16         40      26936   ssp_lpc17xx.o
        64         26        204          0        512       1004   startup_lpc17xx.o
       320         18          0          4          0        811   system_lpc17xx.o

    ----------------------------------------------------------------------
     14156        868       7096        104       6092     146559   Object Totals
         0          0         32          0          0          0   (incl. Generated)
         6          0          2          3          0          0   (incl. Padding)

    ----------------------------------------------------------------------

      Code (inc. data)   RO Data    RW Data    ZI Data      Debug   Library Member Name

       238         24          0          1          0       3244   hal_cm.o
       304         36          0          0          0        756   hal_cm3.o
      1444        180          0          8          0      38263   rt_cmsis.o
        80          4          0          0          0        649   rt_event.o
       530         34          0          0         48       8157   rt_list.o
       554         10          0          0          0       3889   rt_mailbox.o
       140          0          0          0          0       1889   rt_membox.o
       128          0          0          0          0       2267   rt_memory.o
       352         14          0          0          0       2073   rt_mutex.o
        96         22          0          8          0       1134   rt_robin.o
        52          4          0          0          0        565   rt_semaphore.o
       334         64          0          8          0       6991   rt_system.o
      1216        174          0          8         52       9537   rt_task.o
         6          0          0          4          0        636   rt_time.o
         4          4          0          0          0        196   svc_table.o
         8          0          0          0          0         68   __main.o
       104          0          0          0          0         84   __printf.o
         0          0          0          0          0          0   __rtentry.o
        20          0          0          0          0          0   __rtentry2.o
         6          0          0          0          0          0   __rtentry4.o
        52          8          0          0          0          0   __scatter.o
        26          0          0          0          0          0   __scatter_copy.o
        28          0          0          0          0          0   __scatter_zi.o
        44          0          0          0          0        108   _printf_char.o
        48          6          0          0          0         96   _printf_char_common.o
         0          0          0          0          0          0   _printf_percent.o
         4          0          0          0          0          0   _printf_percent_end.o
         6          0          0          0          0          0   _printf_s.o
        82          0          0          0          0         80   _printf_str.o
        10          0          0          0          0         68   _sputc.o
        18          0          0          0          0         80   exit.o
         6          0          0          0          0        152   heapauxi.o
         0          0          0          0          0          0   indicate_semi.o
         2          0          0          0          0          0   libinit.o
         2          0          0          0          0          0   libinit2.o
         2          0          0          0          0          0   libshutdown.o
         2          0          0          0          0          0   libshutdown2.o
         8          4          0          0         96         68   libspace.o
        40          6          0          0          0         84   noretval__2sprintf.o
        78          0          0          0          0         80   rt_memclr_w.o
         2          0          0          0          0          0   rtexit.o
        10          0          0          0          0          0   rtexit2.o
        12          4          0          0          0         68   sys_exit.o
        74          0          0          0          0         80   sys_stackheap_outer.o
         2          0          0          0          0         68   use_no_semi.o

    ----------------------------------------------------------------------
      6204        598          0         40        196      81430   Library Totals
        30          0          0          3          0          0   (incl. Padding)

    ----------------------------------------------------------------------

      Code (inc. data)   RO Data    RW Data    ZI Data      Debug   Library Name

      5478        570          0         37        100      80246   RTX_CM3.lib
       696         28          0          0         96       1184   c_w.l

    ----------------------------------------------------------------------
      6204        598          0         40        196      81430   Library Totals

    ----------------------------------------------------------------------

==============================================================================


      Code (inc. data)   RO Data    RW Data    ZI Data      Debug   

     20360       1466       7096        144       6288     218261   Grand Totals
     20360       1466       7096        144       6288     218261   ELF Image Totals
     20360       1466       7096        144          0          0   ROM Totals

==============================================================================

    Total RO  Size (Code + RO Data)                27456 (  26.81kB)
    Total RW  Size (RW Data + ZI Data)              6432 (   6.28kB)
    Total ROM Size (Code + RO Data + RW Data)      27600 (  26.95kB)

==============================================================================

